2026-05-22 03:14:05,713 - INFO - Metrics tracker initialized
{"id": 1, "ts": 1779412445.7400258, "event": "memory_reset"}
{"id": 2, "ts": 1779412445.7439654, "event": "discussion_order", "round": 1, "order": ["agent_1", "agent_2", "agent_3"]}
2026-05-22 03:14:09,813 - INFO - Tokens - Input: 1389, Output: 342, Total: 1731
{"id": 3, "ts": 1779412449.814473, "event": "public_discussion_message", "round": 1, "agent": "agent_1", "message": "I prefer Candidate A \u2013 excellent spatial vision.\nMETADATA_JSON:\n{\"agent\": \"agent_1\", \"vote\": \"Candidate A\"}"}
2026-05-22 03:14:09,814 - INFO - Agent turns: 1
2026-05-22 03:14:14,629 - INFO - Tokens - Input: 1447, Output: 669, Total: 2116
{"id": 4, "ts": 1779412454.6311276, "event": "public_discussion_message", "round": 1, "agent": "agent_2", "message": "I prefer Candidate A \u2013 regarded as a show\u2011off.\nMETADATA_JSON:\n{\"agent\": \"agent_2\", \"vote\": \"Candidate A\"}"}
2026-05-22 03:14:14,631 - INFO - Agent turns: 2
2026-05-22 03:14:18,972 - INFO - Tokens - Input: 1482, Output: 591, Total: 2073
{"id": 5, "ts": 1779412458.9734948, "event": "public_discussion_message", "round": 1, "agent": "agent_3", "message": "I prefer Candidate B \u2013 handles stress very well.\nMETADATA_JSON:\n{\"agent\": \"agent_3\", \"vote\": \"Candidate B\"}"}
2026-05-22 03:14:18,973 - INFO - Agent turns: 3
2026-05-22 03:14:18,983 - INFO - Loop 1 completed
{"id": 6, "ts": 1779412458.9890864, "event": "discussion_order", "round": 2, "order": ["agent_1", "agent_3", "agent_2"]}
2026-05-22 03:14:22,608 - INFO - Tokens - Input: 1517, Output: 489, Total: 2006
{"id": 7, "ts": 1779412462.6103764, "event": "public_discussion_message", "round": 2, "agent": "agent_1", "message": "I prefer Candidate B \u2013 handles stress very well.\nMETADATA_JSON:\n{\"agent\": \"agent_1\", \"vote\": \"Candidate B\"}"}
2026-05-22 03:14:22,610 - INFO - Agent turns: 4
2026-05-22 03:14:29,713 - INFO - Tokens - Input: 1556, Output: 928, Total: 2484
{"id": 8, "ts": 1779412469.715111, "event": "public_discussion_message", "round": 2, "agent": "agent_3", "message": "I prefer Candidate B \u2013 very conscientious.\nMETADATA_JSON:\n{\"agent\": \"agent_3\", \"vote\": \"Candidate B\"}"}
2026-05-22 03:14:29,715 - INFO - Agent turns: 5
2026-05-22 03:14:35,278 - INFO - Tokens - Input: 1598, Output: 717, Total: 2315
{"id": 9, "ts": 1779412475.279935, "event": "public_discussion_message", "round": 2, "agent": "agent_2", "message": "I prefer Candidate B \u2013 handles stress very well.\nMETADATA_JSON:\n{\"agent\": \"agent_2\", \"vote\": \"Candidate B\"}"}
2026-05-22 03:14:35,280 - INFO - Agent turns: 6
2026-05-22 03:14:35,289 - INFO - Loop 2 completed
2026-05-22 03:14:35,289 - INFO - Final Chosen Candidate: Candidate B
2026-05-22 03:14:35,290 - INFO - Final Decision Method: consensus
2026-05-22 03:14:35,290 - INFO - Final Vote Count: {'Candidate B': 3}
2026-05-22 03:14:35,290 - INFO - Correct Candidate: Candidate C
2026-05-22 03:14:35,290 - INFO - Decision Correct: 0
{"id": 10, "ts": 1779412475.291567, "event": "context_consistency_not_applicable", "reason": "explicit_smm_memory_disabled"}
{"id": 11, "ts": 1779412475.2917066, "event": "final_decision", "candidate": "Candidate B", "method": "consensus", "vote_count": {"Candidate B": 3}, "correct_candidate": "Candidate C", "decision_correct": 0, "round": 2}
2026-05-22 03:14:35,300 - INFO - ======================================================================
2026-05-22 03:14:35,300 - INFO - SIMULATION METRICS
2026-05-22 03:14:35,300 - INFO - ======================================================================
2026-05-22 03:14:35,300 - INFO - Total Loops: 2
2026-05-22 03:14:35,300 - INFO - Agent Turns (no vote checker): 6
2026-05-22 03:14:35,300 - INFO - Agent Tool Calls: 0
2026-05-22 03:14:35,300 - INFO - Agent Tool Messages: 0
2026-05-22 03:14:35,300 - INFO - Memory Updates: 0
2026-05-22 03:14:35,300 - INFO - Total Messages (no vote checker): 6
2026-05-22 03:14:35,301 - INFO - Input Tokens: 8989
2026-05-22 03:14:35,301 - INFO - Output Tokens: 3736
2026-05-22 03:14:35,301 - INFO - Total Tokens: 12725
2026-05-22 03:14:35,301 - INFO - Final Chosen Candidate: Candidate B
2026-05-22 03:14:35,301 - INFO - Final Decision Method: consensus
2026-05-22 03:14:35,301 - INFO - Final Vote Count: {'Candidate B': 3}
2026-05-22 03:14:35,301 - INFO - Correct Candidate: Candidate C
2026-05-22 03:14:35,301 - INFO - Decision Correct: 0
2026-05-22 03:14:35,301 - INFO - Runtime: 29.59s
2026-05-22 03:14:35,301 - INFO - ======================================================================
