2026-05-22 03:26:35,799 - INFO - Metrics tracker initialized
{"id": 1, "ts": 1779413195.8283134, "event": "memory_reset"}
{"id": 2, "ts": 1779413195.8332927, "event": "discussion_order", "round": 1, "order": ["agent_1", "agent_3", "agent_2"]}
2026-05-22 03:26:41,089 - INFO - Tokens - Input: 1389, Output: 493, Total: 1882
{"id": 3, "ts": 1779413201.0901468, "event": "public_discussion_message", "round": 1, "agent": "agent_1", "message": "I prefer Candidate C; they are known to be 100% reliable.\nMETADATA_JSON:\n{\"agent\": \"agent_1\", \"vote\": \"Candidate C\"}"}
2026-05-22 03:26:41,090 - INFO - Agent turns: 1
2026-05-22 03:26:45,848 - INFO - Tokens - Input: 1451, Output: 647, Total: 2098
{"id": 4, "ts": 1779413205.8494575, "event": "public_discussion_message", "round": 1, "agent": "agent_3", "message": "I prefer Candidate B; they handle stress very well.\nMETADATA_JSON:\n{\"agent\": \"agent_3\", \"vote\": \"Candidate B\"}"}
2026-05-22 03:26:45,849 - INFO - Agent turns: 2
2026-05-22 03:26:51,284 - INFO - Tokens - Input: 1494, Output: 730, Total: 2224
{"id": 5, "ts": 1779413211.2861087, "event": "public_discussion_message", "round": 1, "agent": "agent_2", "message": "I prefer Candidate A; they are regarded as a show\u2011off.\nMETADATA_JSON:\n{\"agent\": \"agent_2\", \"vote\": \"Candidate A\"}"}
2026-05-22 03:26:51,286 - INFO - Agent turns: 3
2026-05-22 03:26:51,296 - INFO - Loop 1 completed
{"id": 6, "ts": 1779413211.3031106, "event": "discussion_order", "round": 2, "order": ["agent_3", "agent_2", "agent_1"]}
2026-05-22 03:26:56,385 - INFO - Tokens - Input: 1528, Output: 660, Total: 2188
{"id": 7, "ts": 1779413216.3872054, "event": "public_discussion_message", "round": 2, "agent": "agent_3", "message": "I prefer Candidate B; they handle stress well.\nMETADATA_JSON:\n{\"agent\": \"agent_3\", \"vote\": \"Candidate B\"}"}
2026-05-22 03:26:56,387 - INFO - Agent turns: 4
2026-05-22 03:27:02,662 - INFO - Tokens - Input: 1573, Output: 815, Total: 2388
{"id": 8, "ts": 1779413222.6643593, "event": "public_discussion_message", "round": 2, "agent": "agent_2", "message": "I prefer Candidate A; excellent spatial vision.\nMETADATA_JSON:\n{\"agent\": \"agent_2\", \"vote\": \"Candidate A\"}"}
2026-05-22 03:27:02,664 - INFO - Agent turns: 5
2026-05-22 03:27:07,309 - INFO - Tokens - Input: 1606, Output: 607, Total: 2213
{"id": 9, "ts": 1779413227.3109708, "event": "public_discussion_message", "round": 2, "agent": "agent_1", "message": "I prefer Candidate A; very good leadership qualities.\nMETADATA_JSON:\n{\"agent\": \"agent_1\", \"vote\": \"Candidate A\"}"}
2026-05-22 03:27:07,311 - INFO - Agent turns: 6
2026-05-22 03:27:07,319 - INFO - Loop 2 completed
{"id": 10, "ts": 1779413227.3258414, "event": "discussion_order", "round": 3, "order": ["agent_2", "agent_1", "agent_3"]}
2026-05-22 03:27:08,399 - INFO - Tokens - Input: 1642, Output: 134, Total: 1776
{"id": 11, "ts": 1779413228.400553, "event": "public_discussion_message", "round": 3, "agent": "agent_2", "message": "I still prefer Candidate A; can anticipate dangerous situations.\nMETADATA_JSON:\n{\"agent\": \"agent_2\", \"vote\": \"Candidate A\"}"}
2026-05-22 03:27:08,400 - INFO - Agent turns: 7
2026-05-22 03:27:17,879 - INFO - Tokens - Input: 1685, Output: 1217, Total: 2902
{"id": 12, "ts": 1779413237.880921, "event": "public_discussion_message", "round": 3, "agent": "agent_1", "message": "I prefer Candidate A; can see complex connections.\nMETADATA_JSON:\n{\"agent\": \"agent_1\", \"vote\": \"Candidate A\"}"}
2026-05-22 03:27:17,881 - INFO - Agent turns: 8
2026-05-22 03:27:22,830 - INFO - Tokens - Input: 1717, Output: 639, Total: 2356
{"id": 13, "ts": 1779413242.834926, "event": "public_discussion_message", "round": 3, "agent": "agent_3", "message": "I prefer Candidate B; handles stress well.\nMETADATA_JSON:\n{\"agent\": \"agent_3\", \"vote\": \"Candidate B\"}"}
2026-05-22 03:27:22,835 - INFO - Agent turns: 9
2026-05-22 03:27:22,853 - INFO - Loop 3 completed
{"id": 14, "ts": 1779413242.860322, "event": "discussion_order", "round": 4, "order": ["agent_2", "agent_3", "agent_1"]}
2026-05-22 03:27:24,697 - INFO - Tokens - Input: 1756, Output: 224, Total: 1980
{"id": 15, "ts": 1779413244.6986551, "event": "public_discussion_message", "round": 4, "agent": "agent_2", "message": "I still prefer Candidate A; excellent spatial vision.\nMETADATA_JSON:\n{\"agent\": \"agent_2\", \"vote\": \"Candidate A\"}"}
2026-05-22 03:27:24,698 - INFO - Agent turns: 10
2026-05-22 03:27:29,685 - INFO - Tokens - Input: 1792, Output: 643, Total: 2435
{"id": 16, "ts": 1779413249.6865094, "event": "public_discussion_message", "round": 4, "agent": "agent_3", "message": "I prefer Candidate B; handles stress well.\nMETADATA_JSON:\n{\"agent\": \"agent_3\", \"vote\": \"Candidate B\"}"}
2026-05-22 03:27:29,686 - INFO - Agent turns: 11
2026-05-22 03:27:33,504 - INFO - Tokens - Input: 1833, Output: 499, Total: 2332
{"id": 17, "ts": 1779413253.5058703, "event": "public_discussion_message", "round": 4, "agent": "agent_1", "message": "I prefer Candidate A; very good leadership qualities.\nMETADATA_JSON:\n{\"agent\": \"agent_1\", \"vote\": \"Candidate A\"}"}
2026-05-22 03:27:33,506 - INFO - Agent turns: 12
2026-05-22 03:27:33,515 - INFO - Loop 4 completed
{"id": 18, "ts": 1779413253.5213027, "event": "discussion_order", "round": 5, "order": ["agent_1", "agent_3", "agent_2"]}
2026-05-22 03:27:38,031 - INFO - Tokens - Input: 1866, Output: 595, Total: 2461
{"id": 19, "ts": 1779413258.0326571, "event": "public_discussion_message", "round": 5, "agent": "agent_1", "message": "I prefer Candidate D; solves problems extremely well.\nMETADATA_JSON:\n{\"agent\": \"agent_1\", \"vote\": \"Candidate D\"}"}
2026-05-22 03:27:38,032 - INFO - Agent turns: 13
2026-05-22 03:27:46,765 - INFO - Tokens - Input: 1905, Output: 1144, Total: 3049
{"id": 20, "ts": 1779413266.7667732, "event": "public_discussion_message", "round": 5, "agent": "agent_3", "message": "I prefer Candidate B; handles stress well.\nMETADATA_JSON:\n{\"agent\": \"agent_3\", \"vote\": \"Candidate B\"}"}
2026-05-22 03:27:46,766 - INFO - Agent turns: 14
2026-05-22 03:27:51,683 - INFO - Tokens - Input: 1949, Output: 624, Total: 2573
{"id": 21, "ts": 1779413271.6849928, "event": "public_discussion_message", "round": 5, "agent": "agent_2", "message": "I prefer Candidate A; anticipates dangerous situations.\nMETADATA_JSON:\n{\"agent\": \"agent_2\", \"vote\": \"Candidate A\"}"}
2026-05-22 03:27:51,685 - INFO - Agent turns: 15
2026-05-22 03:27:51,694 - INFO - Loop 5 completed
2026-05-22 03:27:51,694 - INFO - Final Chosen Candidate: None
2026-05-22 03:27:51,694 - INFO - Final Decision Method: max_round_no_majority
2026-05-22 03:27:51,694 - INFO - Final Vote Count: {'Candidate D': 1, 'Candidate A': 1, 'Candidate B': 1}
2026-05-22 03:27:51,695 - INFO - Correct Candidate: Candidate C
2026-05-22 03:27:51,695 - INFO - Decision Correct: 0
{"id": 22, "ts": 1779413271.6965916, "event": "context_consistency_not_applicable", "reason": "explicit_smm_memory_disabled"}
{"id": 23, "ts": 1779413271.69674, "event": "final_decision", "candidate": null, "method": "max_round_no_majority", "vote_count": {"Candidate D": 1, "Candidate A": 1, "Candidate B": 1}, "correct_candidate": "Candidate C", "decision_correct": 0, "round": 5}
2026-05-22 03:27:51,706 - INFO - ======================================================================
2026-05-22 03:27:51,706 - INFO - SIMULATION METRICS
2026-05-22 03:27:51,706 - INFO - ======================================================================
2026-05-22 03:27:51,706 - INFO - Total Loops: 5
2026-05-22 03:27:51,706 - INFO - Agent Turns (no vote checker): 15
2026-05-22 03:27:51,706 - INFO - Agent Tool Calls: 0
2026-05-22 03:27:51,707 - INFO - Agent Tool Messages: 0
2026-05-22 03:27:51,707 - INFO - Memory Updates: 0
2026-05-22 03:27:51,707 - INFO - Total Messages (no vote checker): 15
2026-05-22 03:27:51,707 - INFO - Input Tokens: 25186
2026-05-22 03:27:51,707 - INFO - Output Tokens: 9671
2026-05-22 03:27:51,707 - INFO - Total Tokens: 34857
2026-05-22 03:27:51,707 - INFO - Final Chosen Candidate: None
2026-05-22 03:27:51,707 - INFO - Final Decision Method: max_round_no_majority
2026-05-22 03:27:51,707 - INFO - Final Vote Count: {'Candidate D': 1, 'Candidate A': 1, 'Candidate B': 1}
2026-05-22 03:27:51,707 - INFO - Correct Candidate: Candidate C
2026-05-22 03:27:51,707 - INFO - Decision Correct: 0
2026-05-22 03:27:51,707 - INFO - Runtime: 75.91s
2026-05-22 03:27:51,707 - INFO - ======================================================================
