2026-06-08 01:37:59,677 - INFO - Metrics tracker initialized
{"id": 1, "ts": 1780875479.7065446, "event": "memory_initialized"}
{"id": 2, "ts": 1780875479.7112544, "event": "discussion_order", "round": 1, "order": ["agent_3", "agent_1", "agent_2"]}
2026-06-08 01:38:05,956 - INFO - Tokens - Input: 2142, Output: 628, Total: 2770
{"id": 3, "ts": 1780875485.9573166, "event": "public_discussion_message", "round": 1, "agent": "agent_3", "message": "I would recommend Candidate\u202fB for the long\u2011distance pilot role.\u202fHe demonstrates the core safety\u2011critical strengths we need: he is very conscientious (operational reliability), handles stress very well (stress resilience), and has solid technical competence with excellent weather\u2011assessment and computer skills. These attributes directly support reliable, accurate decision\u2011making on international routes. While I note that he is sometimes perceived as pretentious and can adopt the wrong tone, these communication issues appear less severe than the egocentric or loner tendencies seen in Candidates\u202fC and\u202fD, and the unfriendly demeanor of Candidate\u202fA. Given his overall balance of reliability, stress handling, and technical ability, Candidate\u202fB remains the strongest overall fit."}
2026-06-08 01:38:05,957 - INFO - Agent turns: 1
2026-06-08 01:38:12,005 - INFO - Tokens - Input: 2297, Output: 812, Total: 3109
{"id": 4, "ts": 1780875492.0073123, "event": "public_discussion_message", "round": 1, "agent": "agent_1", "message": "I appreciate Agent\u202f3\u2019s emphasis on Candidate\u202fB\u2019s conscientiousness and stress resilience, but I am less convinced that B is the optimal choice given his noted uncooperative and grumpy tendencies, which could jeopardize crew cooperation on long\u2011haul routes. In contrast, Candidate\u202fC is documented as 100\u202f% reliable, consistently creates a positive atmosphere with his crew, and can make correct decisions quickly\u2014key attributes for safe, efficient international operations. While C does have communication challenges and an egocentric style, his proven reliability and crew\u2011building strengths outweigh B\u2019s potential teamwork issues. For these reasons, I would now recommend Candidate\u202fC."}
2026-06-08 01:38:12,007 - INFO - Agent turns: 2
2026-06-08 01:38:21,088 - INFO - Tokens - Input: 2440, Output: 1194, Total: 3634
{"id": 5, "ts": 1780875501.090506, "event": "public_discussion_message", "round": 1, "agent": "agent_2", "message": "I appreciate both of your points, but I remain convinced that Candidate\u202fB is the best overall fit for the long\u2011distance pilot role.\u202fHe is explicitly noted as **very conscientious** (operational reliability) and **handles stress very well** (stress resilience), and he brings solid technical competence with **excellent weather\u2011assessment** ability and **strong computer skills**\u2014critical for the complex planning and navigation tasks on international routes.\nWhile it is true that B has a **relatively weak memory for numbers** and has been observed to **make nasty remarks about colleagues**, these issues are more limited in scope than the broader crew\u2011cooperation concerns we see with the other candidates.\u202fCandidate\u202fC, although calm and quick\u2011decision\u2011making, is described as **egocentric**, **has difficulty communicating ideas**, and is **not very willing to further his education**, which raises serious doubts about his long\u2011term adaptability and teamwork.\u202fCandidate\u202fD, despite strong problem\u2011solving and responsibility, is noted to have a **hot temper** and be seen as a **know\u2011it\u2011all**, both of which can erode cockpit harmony under pressure.\u202fCandidate\u202fA\u2019s leadership and anticipation are offset by being a **show\u2011off** and **not open to new ideas**, which could hinder collaborative decision\u2011making.\nGiven B\u2019s core strengths in reliability, stress handling, and technical competence\u2014key pillars for safe, long\u2011haul operations\u2014and considering that his communication shortcomings can be addressed through targeted crew\u2011resource\u2011training, I would continue to recommend **Candidate\u202fB**."}
2026-06-08 01:38:21,090 - INFO - Agent turns: 3
2026-06-08 01:38:21,100 - INFO - Loop 1 completed
{"id": 6, "ts": 1780875501.1066012, "event": "discussion_order", "round": 2, "order": ["agent_3", "agent_2", "agent_1"]}
2026-06-08 01:38:31,756 - INFO - Tokens - Input: 2762, Output: 1376, Total: 4138
{"id": 7, "ts": 1780875511.7580519, "event": "public_discussion_message", "round": 2, "agent": "agent_3", "message": "I appreciate Agent\u202f2\u2019s confidence in Candidate\u202fB\u2019s conscientiousness and stress handling, but I\u2019m increasingly concerned that his pretentious demeanor and occasional wrong tone could undermine crew cohesion on long\u2011haul flights. In contrast, Candidate\u202fD demonstrates a suite of safety\u2011critical strengths: he **responds to unexpected events adequately** (stress resilience), **concentrates very well** and has **excellent attention**, **solves problems extremely well** (technical competence), and **takes responsibility seriously** (role maturity). While D is noted as **moody** and a **loner**, these interpersonal issues are comparable to B\u2019s communication flaws and can be mitigated through crew\u2011resource\u2011training. Given D\u2019s strong problem\u2011solving, responsibility, and ability to handle unforeseen situations\u2014key for international routes\u2014I now recommend **Candidate\u202fD** for the long\u2011distance pilot position."}
2026-06-08 01:38:31,758 - INFO - Agent turns: 4
2026-06-08 01:38:37,572 - INFO - Tokens - Input: 2958, Output: 735, Total: 3693
{"id": 8, "ts": 1780875517.573979, "event": "public_discussion_message", "round": 2, "agent": "agent_2", "message": "I remain convinced that Candidate\u202fB is the strongest overall fit. While Agent\u202f3 rightly points out B\u2019s occasional pretentious tone, the evidence shows that B is **very conscientious** (operational reliability) and **handles stress very well** (stress resilience), plus he brings critical technical skills with **excellent weather\u2011assessment** ability and **strong computer competence**\u2014all essential for long\u2011haul navigation and planning. In contrast, Candidate\u202fD, though strong in problem\u2011solving and responsibility, is described as having a **hot temper** and being a **know\u2011it\u2011all**, traits that can quickly undermine cockpit cohesion under the sustained pressures of international flights. B\u2019s interpersonal shortcomings (nasty remarks, weak numeric memory) are more limited and can be mitigated through crew\u2011resource\u2011training, whereas D\u2019s temperament poses a higher risk to crew cooperation. Therefore, I continue to recommend **Candidate\u202fB** for the long\u2011distance pilot position."}
2026-06-08 01:38:37,574 - INFO - Agent turns: 5
2026-06-08 01:38:50,894 - INFO - Tokens - Input: 3159, Output: 1701, Total: 4860
{"id": 9, "ts": 1780875530.8964097, "event": "public_discussion_message", "round": 2, "agent": "agent_1", "message": "I appreciate the points raised about Candidate\u202fD\u2019s problem\u2011solving and responsibility, but I remain convinced that Candidate\u202fB offers the most balanced safety profile for long\u2011distance operations.\u202fHe is **very conscientious** (operational reliability) and **handles stress very well** (stress resilience), which are non\u2011negotiable for international flights.\u202fHis **excellent weather\u2011assessment** ability and **strong computer skills** give him the technical competence needed for complex route planning and navigation.\nWhile B is noted as **grumpy** and **uncooperative**, these interpersonal shortcomings are less severe than D\u2019s **arrogant** attitude and weak leadership, and they can be mitigated through targeted crew\u2011resource\u2011training. In contrast, Candidate\u202fC, although **100\u202f% reliable** and good at creating a positive crew atmosphere, lacks any documented technical or weather\u2011assessment capability, which is critical for long\u2011haul routes. Therefore, weighing core reliability, stress handling, and technical expertise against manageable cooperation issues, I continue to recommend **Candidate\u202fB**."}
2026-06-08 01:38:50,896 - INFO - Agent turns: 6
2026-06-08 01:38:50,906 - INFO - Loop 2 completed
{"id": 10, "ts": 1780875530.9132478, "event": "discussion_order", "round": 3, "order": ["agent_1", "agent_3", "agent_2"]}
2026-06-08 01:38:56,555 - INFO - Tokens - Input: 3384, Output: 707, Total: 4091
{"id": 11, "ts": 1780875536.5571883, "event": "public_discussion_message", "round": 3, "agent": "agent_1", "message": "I remain convinced that Candidate\u202fB is the strongest overall fit.\u202fAgent\u202f3 highlighted D\u2019s solid problem\u2011solving, concentration and responsibility, which are indeed valuable.\u202fHowever, D is also described as arrogant, has weak leadership, is moody and a loner \u2013 traits that directly threaten cockpit cohesion on long\u2011haul flights.\u202fIn contrast, B\u2019s interpersonal shortcomings (grumpy, uncooperative, occasional nasty remarks, weak numeric memory) are less severe and more amenable to crew\u2011resource\u2011training.\u202fCrucially, B brings the core technical competencies we need: he is very conscientious, handles stress very well, excels at weather assessment and has strong computer skills \u2013 all essential for complex international route planning.\u202fGiven that D\u2019s temperament issues outweigh his technical edge, I continue to recommend Candidate\u202fB."}
2026-06-08 01:38:56,557 - INFO - Agent turns: 7
2026-06-08 01:39:03,823 - INFO - Tokens - Input: 3556, Output: 912, Total: 4468
{"id": 12, "ts": 1780875543.8247511, "event": "public_discussion_message", "round": 3, "agent": "agent_3", "message": "I concur with Agent\u202f1\u2019s assessment and will keep my recommendation on Candidate\u202fB.\u202fWhile Candidate\u202fD brings impressive problem\u2011solving, concentration and a strong sense of responsibility, he lacks the explicit technical competencies that are critical for long\u2011haul operations\u2014there is no evidence of weather\u2011assessment ability or computer proficiency. Moreover, his moody and loner traits pose a higher risk to cockpit cohesion than the more manageable communication quirks we see in B.\u202fCandidate\u202fC, despite quick decision\u2011making and excellent attention, shows egocentric behaviour, communication difficulties and no documented technical skill set.\u202fCandidate\u202fA\u2019s leadership is offset by an unfriendly demeanor and no clear reliability or stress\u2011resilience evidence.\u202fIn contrast, Candidate\u202fB is very conscientious (operational reliability), handles stress very well (stress resilience), and possesses the essential technical skills of weather assessment and strong computer competence. His pretentious tone and occasional grumpiness are concerns, but they are less severe and can be mitigated through crew\u2011resource training.\u202fTherefore, B remains the most balanced fit for the long\u2011distance pilot role."}
2026-06-08 01:39:03,824 - INFO - Agent turns: 8
2026-06-08 01:39:08,066 - INFO - Tokens - Input: 3802, Output: 517, Total: 4319
{"id": 13, "ts": 1780875548.06803, "event": "public_discussion_message", "round": 3, "agent": "agent_2", "message": "I remain convinced that Candidate\u202fB is the strongest overall fit for the long\u2011distance pilot role. As we have all noted, B is **very conscientious** (operational reliability) and **handles stress very well** (stress resilience), which are non\u2011negotiable for international flights. His **excellent weather\u2011assessment** ability and **strong computer skills** give him the technical competence required for complex route planning and navigation\u2014capabilities that neither D (no evidence of weather or computer proficiency) nor C (no documented technical skill) possess. While B\u2019s occasional grumpy tone and weak numeric memory are concerns, they are far less likely to erode cockpit cohesion than D\u2019s **hot temper** and **know\u2011it\u2011all** attitude or C\u2019s **egocentric** and **communication\u2011difficulty** profile. Candidate\u202fA, despite leadership potential, is seen as a **show\u2011off** and **not open to new ideas**, which undermines crew cooperation. Therefore, weighing core reliability, stress handling, and essential technical skills against manageable interpersonal flaws, I continue to recommend **Candidate\u202fB**."}
2026-06-08 01:39:08,068 - INFO - Agent turns: 9
2026-06-08 01:39:08,077 - INFO - Loop 3 completed
2026-06-08 01:39:08,078 - INFO - Final Chosen Candidate: Candidate B
2026-06-08 01:39:08,078 - INFO - Final Decision Method: consensus
2026-06-08 01:39:08,078 - INFO - Final Vote Count: {'Candidate B': 3}
2026-06-08 01:39:08,078 - INFO - Correct Candidate: Candidate C
2026-06-08 01:39:08,078 - INFO - Decision Correct: 0
{"id": 14, "ts": 1780875548.0795758, "event": "context_consistency_not_applicable", "reason": "explicit_smm_memory_disabled"}
{"id": 15, "ts": 1780875548.0797086, "event": "final_decision", "candidate": "Candidate B", "method": "consensus", "vote_count": {"Candidate B": 3}, "correct_candidate": "Candidate C", "decision_correct": 0, "round": 3}
2026-06-08 01:39:08,087 - INFO - ======================================================================
2026-06-08 01:39:08,087 - INFO - SIMULATION METRICS
2026-06-08 01:39:08,088 - INFO - ======================================================================
2026-06-08 01:39:08,088 - INFO - Total Loops: 3
2026-06-08 01:39:08,088 - INFO - Agent Turns (no vote checker): 9
2026-06-08 01:39:08,088 - INFO - Agent Tool Calls: 0
2026-06-08 01:39:08,088 - INFO - Agent Tool Messages: 0
2026-06-08 01:39:08,088 - INFO - Memory Updates: 0
2026-06-08 01:39:08,088 - INFO - Total Messages (no vote checker): 9
2026-06-08 01:39:08,088 - INFO - Input Tokens: 26500
2026-06-08 01:39:08,088 - INFO - Output Tokens: 8582
2026-06-08 01:39:08,088 - INFO - Total Tokens: 35082
2026-06-08 01:39:08,088 - INFO - Final Chosen Candidate: Candidate B
2026-06-08 01:39:08,088 - INFO - Final Decision Method: consensus
2026-06-08 01:39:08,088 - INFO - Final Vote Count: {'Candidate B': 3}
2026-06-08 01:39:08,088 - INFO - Correct Candidate: Candidate C
2026-06-08 01:39:08,088 - INFO - Decision Correct: 0
2026-06-08 01:39:08,089 - INFO - Runtime: 68.41s
2026-06-08 01:39:08,089 - INFO - ======================================================================
