2026-05-28 16:29:57,075 - INFO - Metrics tracker initialized
{"id": 1, "ts": 1779978597.1057236, "event": "memory_initialized"}
{"id": 2, "ts": 1779978597.110221, "event": "discussion_order", "round": 1, "order": ["agent_3", "agent_1", "agent_2"]}
2026-05-28 16:30:03,625 - INFO - Tokens - Input: 2142, Output: 663, Total: 2805
{"id": 3, "ts": 1779978603.627022, "event": "public_discussion_message", "round": 1, "agent": "agent_3", "message": "I would recommend Candidate\u202fB for the long\u2011distance pilot role.\u202fHe demonstrates the core safety\u2011critical strengths we need: he is very conscientious (operational reliability), handles stress exceptionally well (stress resilience), and has strong technical abilities in weather assessment and computer systems (technical competence). While he is sometimes perceived as pretentious and may adopt an inappropriate tone, these communication issues are less critical than the gaps we see in the other candidates\u2014e.g., Candidate\u202fC\u2019s difficulty communicating ideas and egocentric attitude, Candidate\u202fD\u2019s moody, loner profile, and Candidate\u202fA\u2019s unfriendly demeanor and unhealthy habits. With targeted coaching on professional tone, Candidate\u202fB\u2019s overall fit appears strongest."}
2026-05-28 16:30:03,627 - INFO - Agent turns: 1
2026-05-28 16:30:09,875 - INFO - Tokens - Input: 2295, Output: 838, Total: 3133
{"id": 4, "ts": 1779978609.8770418, "event": "public_discussion_message", "round": 1, "agent": "agent_1", "message": "I acknowledge the strong technical and stress\u2011resilience points raised for Candidate\u202fB, but I\u2019m less convinced that those outweigh his noted uncooperative and grumpy behaviour. On long\u2011distance routes, seamless crew cooperation is vital, and a pilot who is perceived as uncooperative can jeopardise that safety\u2011critical dynamic. In contrast, Candidate\u202fC is documented as 100\u202f% reliable and consistently creates a positive atmosphere with his crew, while also making correct decisions quickly\u2014addressing both reliability and decision quality. Given the balance of safety\u2011relevant criteria, I would recommend Candidate\u202fC for the position."}
2026-05-28 16:30:09,877 - INFO - Agent turns: 2
2026-05-28 16:30:19,816 - INFO - Tokens - Input: 2431, Output: 1304, Total: 3735
{"id": 5, "ts": 1779978619.8177462, "event": "public_discussion_message", "round": 1, "agent": "agent_2", "message": "I\u2019m leaning toward Candidate\u202fC as the stronger overall fit.\u202fWhile Agent\u202f3 highlighted Candidate\u202fB\u2019s conscientiousness and stress resilience, B also \u201cmakes nasty remarks about his colleagues\u201d and has a \u201crelatively weak memory for numbers,\u201d which raise serious concerns about crew cooperation and attention to detail\u2014both non\u2011negotiable for long\u2011distance operations.\u202fCandidate\u202fC, on the other hand, \u201ccan make correct decisions quickly,\u201d \u201ckeeps calm in a crisis,\u201d and \u201cunderstands complicated technology,\u201d covering decision quality, stress resilience, and technical competence.\u202fHis main drawbacks are communication difficulty and an egocentric attitude, but these are less likely to impair safety than B\u2019s documented hostile behavior and memory weakness.\u202fTherefore, I would recommend Candidate\u202fC."}
2026-05-28 16:30:19,817 - INFO - Agent turns: 3
2026-05-28 16:30:19,827 - INFO - Loop 1 completed
{"id": 6, "ts": 1779978619.8345747, "event": "discussion_order", "round": 2, "order": ["agent_2", "agent_1", "agent_3"]}
2026-05-28 16:30:24,563 - INFO - Tokens - Input: 2599, Output: 603, Total: 3202
{"id": 7, "ts": 1779978624.5662827, "event": "public_discussion_message", "round": 2, "agent": "agent_2", "message": "I remain convinced that Candidate\u202fC is the strongest overall fit.\u202fBuilding on Agent\u202f1\u2019s point about C\u2019s reliability and positive crew atmosphere, I want to address the two candidates we have not yet examined in depth.\u202fCandidate\u202fA shows impressive operational abilities\u2014anticipating dangerous situations, seeing complex connections, and strong leadership\u2014but is consistently described as a \u201cshow\u2011off\u201d and \u201cnot open to new ideas,\u201d which raises serious doubts about his crew cooperation and adaptability on long\u2011haul flights.\u202fCandidate\u202fD demonstrates excellent concentration, problem\u2011solving, and a serious sense of responsibility, yet is labeled a \u201cknow\u2011it\u2011all\u201d with a \u201chot temper,\u201d traits that are likely to undermine the collaborative cockpit environment we need.\u202fIn contrast, Candidate\u202fC, despite some communication and egocentric concerns, reliably keeps calm in a crisis, makes quick correct decisions, and understands complicated technology\u2014core safety\u2011critical criteria that outweigh the interpersonal drawbacks.\u202fTherefore, I continue to recommend Candidate\u202fC for the long\u2011distance pilot position."}
2026-05-28 16:30:24,566 - INFO - Agent turns: 4
2026-05-28 16:30:27,491 - INFO - Tokens - Input: 2820, Output: 360, Total: 3180
{"id": 8, "ts": 1779978627.4930158, "event": "public_discussion_message", "round": 2, "agent": "agent_1", "message": "I concur with Agent\u202f2\u2019s assessment and maintain my recommendation of Candidate\u202fC. Building on the points raised, C\u2019s 100\u202f% reliability and proven ability to create a positive crew atmosphere directly address our top priorities of operational reliability and crew cooperation. Moreover, C \u201ccan make correct decisions quickly\u201d and \u201ckeeps calm in a crisis,\u201d satisfying both decision quality and stress\u2011resilience criteria that are essential for long\u2011distance flights. While his communication difficulty and egocentric attitude are noted, these concerns are less likely to compromise safety than the uncooperative and grumpy behavior documented for Candidate\u202fB, which threatens cockpit teamwork and attention to detail. Therefore, C remains the strongest overall fit for the role."}
2026-05-28 16:30:27,493 - INFO - Agent turns: 5
2026-05-28 16:30:36,055 - INFO - Tokens - Input: 2968, Output: 1095, Total: 4063
{"id": 9, "ts": 1779978636.0575757, "event": "public_discussion_message", "round": 2, "agent": "agent_3", "message": "I appreciate the points raised by both of you about the communication and teamwork concerns for Candidates\u202fB and\u202fC. While B\u2019s conscientiousness, stress resilience and technical skills are valuable, the repeated observations of pretentiousness, an inappropriate tone, and the additional note about \u201cnasty remarks\u201d raise serious doubts about his ability to maintain a collaborative cockpit environment\u2014an essential safety factor for long\u2011haul flights. In contrast, Candidate\u202fC, despite some difficulty communicating ideas and an egocentric streak, consistently demonstrates 100\u202f% reliability, quick correct decision\u2011making, excellent attention skills, and a clear concern for others, which together foster a positive crew atmosphere. These strengths directly address our top criteria of operational reliability, decision quality, stress resilience, and crew cooperation, and they outweigh the relatively limited communication drawbacks. Therefore, I now recommend Candidate\u202fC for the long\u2011distance pilot position."}
2026-05-28 16:30:36,057 - INFO - Agent turns: 6
2026-05-28 16:30:36,066 - INFO - Loop 2 completed
2026-05-28 16:30:36,067 - INFO - Final Chosen Candidate: Candidate C
2026-05-28 16:30:36,067 - INFO - Final Decision Method: consensus
2026-05-28 16:30:36,067 - INFO - Final Vote Count: {'Candidate C': 3}
2026-05-28 16:30:36,067 - INFO - Correct Candidate: Candidate C
2026-05-28 16:30:36,067 - INFO - Decision Correct: 1
{"id": 10, "ts": 1779978636.0692494, "event": "context_consistency_not_applicable", "reason": "explicit_smm_memory_disabled"}
{"id": 11, "ts": 1779978636.0693986, "event": "final_decision", "candidate": "Candidate C", "method": "consensus", "vote_count": {"Candidate C": 3}, "correct_candidate": "Candidate C", "decision_correct": 1, "round": 2}
2026-05-28 16:30:36,077 - INFO - ======================================================================
2026-05-28 16:30:36,077 - INFO - SIMULATION METRICS
2026-05-28 16:30:36,077 - INFO - ======================================================================
2026-05-28 16:30:36,077 - INFO - Total Loops: 2
2026-05-28 16:30:36,077 - INFO - Agent Turns (no vote checker): 6
2026-05-28 16:30:36,077 - INFO - Agent Tool Calls: 0
2026-05-28 16:30:36,078 - INFO - Agent Tool Messages: 0
2026-05-28 16:30:36,078 - INFO - Memory Updates: 0
2026-05-28 16:30:36,078 - INFO - Total Messages (no vote checker): 6
2026-05-28 16:30:36,078 - INFO - Input Tokens: 15255
2026-05-28 16:30:36,078 - INFO - Output Tokens: 4863
2026-05-28 16:30:36,078 - INFO - Total Tokens: 20118
2026-05-28 16:30:36,078 - INFO - Final Chosen Candidate: Candidate C
2026-05-28 16:30:36,078 - INFO - Final Decision Method: consensus
2026-05-28 16:30:36,078 - INFO - Final Vote Count: {'Candidate C': 3}
2026-05-28 16:30:36,078 - INFO - Correct Candidate: Candidate C
2026-05-28 16:30:36,078 - INFO - Decision Correct: 1
2026-05-28 16:30:36,079 - INFO - Runtime: 39.00s
2026-05-28 16:30:36,079 - INFO - ======================================================================
