2026-05-22 00:48:17,961 - INFO - Metrics tracker initialized
{"id": 1, "ts": 1779403697.988189, "event": "memory_reset"}
{"id": 2, "ts": 1779403697.9924107, "event": "discussion_order", "round": 1, "order": ["agent_1", "agent_3", "agent_2"]}
2026-05-22 00:48:26,017 - INFO - Tokens - Input: 1710, Output: 868, Total: 2578
{"id": 3, "ts": 1779403706.0191276, "event": "public_discussion_message", "round": 1, "agent": "agent_1", "message": "I tentatively favor **Candidate C** because he is described as 100% reliable and creates a positive atmosphere with his crew, both critical for safe, long\u2011haul operations. His ability to make correct decisions quickly also supports the need for rapid judgment on long flights. The main uncertainty is his difficulty communicating ideas and egocentric attitude, which could hinder crew coordination in complex situations.\nMETADATA_JSON:\n{\"agent\": \"agent_1\", \"vote\": \"Candidate C\"}"}
2026-05-22 00:48:26,019 - INFO - Agent turns: 1
2026-05-22 00:48:39,561 - INFO - Tokens - Input: 1319, Output: 1054, Total: 2373
2026-05-22 00:48:39,562 - INFO - Memory updates: 1
{"id": 4, "ts": 1779403719.562951, "event": "memory_updated", "agent": "agent_3", "round": 1}
2026-05-22 00:48:40,379 - INFO - Tokens - Input: 1324, Output: 1141, Total: 2465
2026-05-22 00:48:40,381 - INFO - Memory updates: 2
{"id": 5, "ts": 1779403720.3814385, "event": "memory_updated", "agent": "agent_1", "round": 1}
2026-05-22 00:48:42,329 - INFO - Tokens - Input: 1327, Output: 1386, Total: 2713
2026-05-22 00:48:42,330 - INFO - Memory updates: 3
{"id": 6, "ts": 1779403722.3308609, "event": "memory_updated", "agent": "agent_2", "round": 1}
2026-05-22 00:48:47,393 - INFO - Tokens - Input: 2286, Output: 590, Total: 2876
{"id": 7, "ts": 1779403727.3951185, "event": "public_discussion_message", "round": 1, "agent": "agent_3", "message": "I currently favor **Candidate C**. He is described as 100\u202f% reliable, creates a positive atmosphere with his crew, and makes correct decisions quickly\u2014key traits for safe, long\u2011haul operations where reliability, crew cohesion, and rapid judgment are essential. The main uncertainty is his difficulty communicating ideas and egocentric attitude, which could impair coordination in complex situations.\nMETADATA_JSON:\n{\"agent\": \"agent_3\", \"vote\": \"Candidate C\"}"}
2026-05-22 00:48:47,395 - INFO - Agent turns: 2
2026-05-22 00:48:58,690 - INFO - Tokens - Input: 1880, Output: 835, Total: 2715
2026-05-22 00:48:58,692 - INFO - Memory updates: 4
{"id": 8, "ts": 1779403738.692687, "event": "memory_updated", "agent": "agent_1", "round": 1}
2026-05-22 00:49:00,981 - INFO - Tokens - Input: 2118, Output: 1075, Total: 3193
2026-05-22 00:49:00,982 - INFO - Memory updates: 5
{"id": 9, "ts": 1779403740.983058, "event": "memory_updated", "agent": "agent_2", "round": 1}
2026-05-22 00:49:02,159 - INFO - Tokens - Input: 1901, Output: 1222, Total: 3123
2026-05-22 00:49:02,161 - INFO - Memory updates: 6
{"id": 10, "ts": 1779403742.1614938, "event": "memory_updated", "agent": "agent_3", "round": 1}
2026-05-22 00:49:05,671 - INFO - Tokens - Input: 2397, Output: 410, Total: 2807
{"id": 11, "ts": 1779403745.6730478, "event": "public_discussion_message", "round": 1, "agent": "agent_2", "message": "I currently favor **Candidate C**. He is described as 100\u202f% reliable, keeps calm in a crisis, and creates a positive atmosphere with his crew\u2014key for safe, long\u2011haul operations where steady performance and crew cohesion are essential. The main uncertainty is his difficulty communicating ideas and egocentric attitude, which could hinder coordination in complex situations.\nMETADATA_JSON:\n{\"agent\": \"agent_2\", \"vote\": \"Candidate C\"}"}
2026-05-22 00:49:05,673 - INFO - Agent turns: 3
2026-05-22 00:49:18,090 - INFO - Tokens - Input: 2006, Output: 869, Total: 2875
2026-05-22 00:49:18,092 - INFO - Memory updates: 7
{"id": 12, "ts": 1779403758.0924764, "event": "memory_updated", "agent": "agent_2", "round": 1}
2026-05-22 00:49:19,510 - INFO - Tokens - Input: 1765, Output: 1017, Total: 2782
2026-05-22 00:49:19,512 - INFO - Memory updates: 8
{"id": 13, "ts": 1779403759.5125303, "event": "memory_updated", "agent": "agent_1", "round": 1}
2026-05-22 00:49:20,991 - INFO - Tokens - Input: 2140, Output: 1200, Total: 3340
2026-05-22 00:49:20,993 - INFO - Memory updates: 9
{"id": 14, "ts": 1779403760.9932954, "event": "memory_updated", "agent": "agent_3", "round": 1}
2026-05-22 00:49:21,001 - INFO - Loop 1 completed
{"id": 15, "ts": 1779403761.0074015, "event": "discussion_order", "round": 2, "order": ["agent_2", "agent_1", "agent_3"]}
2026-05-22 00:49:22,602 - INFO - Tokens - Input: 2434, Output: 176, Total: 2610
{"id": 16, "ts": 1779403762.6042674, "event": "public_discussion_message", "round": 2, "agent": "agent_2", "message": "I continue to favor **Candidate C** because he is described as 100\u202f% reliable and keeps calm in a crisis\u2014both essential for the safety and stability of long\u2011distance flights. Additionally, he creates a positive crew atmosphere, supporting teamwork in the cockpit. The main trade\u2011off is his difficulty communicating ideas and his egocentric attitude, which could hinder effective crew coordination during complex or emergency situations.\nMETADATA_JSON:\n{\"agent\": \"agent_2\", \"vote\": \"Candidate C\"}"}
2026-05-22 00:49:22,604 - INFO - Agent turns: 4
2026-05-22 00:49:34,186 - INFO - Tokens - Input: 2052, Output: 827, Total: 2879
2026-05-22 00:49:34,188 - INFO - Memory updates: 10
{"id": 17, "ts": 1779403774.1882052, "event": "memory_updated", "agent": "agent_2", "round": 2}
2026-05-22 00:49:34,913 - INFO - Tokens - Input: 2042, Output: 905, Total: 2947
2026-05-22 00:49:34,915 - INFO - Memory updates: 11
{"id": 18, "ts": 1779403774.9151316, "event": "memory_updated", "agent": "agent_1", "round": 2}
2026-05-22 00:49:36,600 - INFO - Tokens - Input: 2267, Output: 1117, Total: 3384
2026-05-22 00:49:36,602 - INFO - Memory updates: 12
{"id": 19, "ts": 1779403776.6025944, "event": "memory_updated", "agent": "agent_3", "round": 2}
2026-05-22 00:49:38,618 - INFO - Tokens - Input: 2510, Output: 224, Total: 2734
{"id": 20, "ts": 1779403778.6202152, "event": "public_discussion_message", "round": 2, "agent": "agent_1", "message": "I continue to favor **Candidate C**. He is described as 100\u202f% reliable and creates a positive atmosphere with his crew, both of which are essential for safe, long\u2011haul operations where trust and teamwork are critical. He also makes correct decisions quickly, supporting the need for rapid, accurate judgment on long flights.\nThe main uncertainty is his difficulty communicating ideas and his egocentric attitude, which could impair effective crew coordination in complex or emergency situations.\nMETADATA_JSON:\n{\"agent\": \"agent_1\", \"vote\": \"Candidate C\"}"}
2026-05-22 00:49:38,620 - INFO - Agent turns: 5
2026-05-22 00:49:51,625 - INFO - Tokens - Input: 2160, Output: 931, Total: 3091
2026-05-22 00:49:51,627 - INFO - Memory updates: 13
{"id": 21, "ts": 1779403791.6274056, "event": "memory_updated", "agent": "agent_1", "round": 2}
2026-05-22 00:49:51,895 - INFO - Tokens - Input: 2092, Output: 958, Total: 3050
2026-05-22 00:49:51,896 - INFO - Memory updates: 14
{"id": 22, "ts": 1779403791.8970826, "event": "memory_updated", "agent": "agent_2", "round": 2}
2026-05-22 00:49:52,613 - INFO - Tokens - Input: 2281, Output: 1048, Total: 3329
2026-05-22 00:49:52,614 - INFO - Memory updates: 15
{"id": 23, "ts": 1779403792.615036, "event": "memory_updated", "agent": "agent_3", "round": 2}
2026-05-22 00:49:54,296 - INFO - Tokens - Input: 2744, Output: 144, Total: 2888
{"id": 24, "ts": 1779403794.2976794, "event": "public_discussion_message", "round": 2, "agent": "agent_3", "message": "I continue to favor **Candidate C**. He is described as 100\u202f% reliable and keeps calm in a crisis, which are vital for safety and stability on long\u2011distance flights. Additionally, he creates a positive crew atmosphere, supporting teamwork and effective cockpit coordination. The main uncertainty is his difficulty communicating ideas and his egocentric attitude, which could hinder crew coordination during complex or emergency situations.\nMETADATA_JSON:\n{\"agent\": \"agent_3\", \"vote\": \"Candidate C\"}"}
2026-05-22 00:49:54,297 - INFO - Agent turns: 6
2026-05-22 00:50:03,267 - INFO - Tokens - Input: 2026, Output: 607, Total: 2633
2026-05-22 00:50:03,269 - INFO - Memory updates: 16
{"id": 25, "ts": 1779403803.2692506, "event": "memory_updated", "agent": "agent_1", "round": 2}
2026-05-22 00:50:06,254 - INFO - Tokens - Input: 2198, Output: 917, Total: 3115
2026-05-22 00:50:06,255 - INFO - Memory updates: 17
{"id": 26, "ts": 1779403806.255807, "event": "memory_updated", "agent": "agent_2", "round": 2}
2026-05-22 00:50:07,475 - INFO - Tokens - Input: 2369, Output: 1070, Total: 3439
2026-05-22 00:50:07,477 - INFO - Memory updates: 18
{"id": 27, "ts": 1779403807.477487, "event": "memory_updated", "agent": "agent_3", "round": 2}
2026-05-22 00:50:07,488 - INFO - Loop 2 completed
2026-05-22 00:50:07,488 - INFO - Final Chosen Candidate: Candidate C
2026-05-22 00:50:07,488 - INFO - Final Decision Method: consensus
2026-05-22 00:50:07,488 - INFO - Final Vote Count: {'Candidate C': 3}
2026-05-22 00:50:07,488 - INFO - Correct Candidate: Candidate C
2026-05-22 00:50:07,488 - INFO - Decision Correct: 1
{"id": 28, "ts": 1779403807.8069801, "event": "context_consistency_calculated", "method": "embedding_cosine", "mean_pairwise_similarity": 0.815303, "pairwise": [{"agent_a": "agent_1", "agent_b": "agent_2", "similarity": 0.773725}, {"agent_a": "agent_1", "agent_b": "agent_3", "similarity": 0.840096}, {"agent_a": "agent_2", "agent_b": "agent_3", "similarity": 0.832087}]}
{"id": 29, "ts": 1779403807.8071604, "event": "agent_memories_archived", "directory": "/home/lhegemann/git/bachelor_thesis/01_data/raw/simulations/moderate/moderate_treatment_20260521_210814_030/shared_mental_models", "round": 2}
{"id": 30, "ts": 1779403807.807252, "event": "final_decision", "candidate": "Candidate C", "method": "consensus", "vote_count": {"Candidate C": 3}, "correct_candidate": "Candidate C", "decision_correct": 1, "round": 2}
2026-05-22 00:50:07,815 - INFO - ======================================================================
2026-05-22 00:50:07,815 - INFO - SIMULATION METRICS
2026-05-22 00:50:07,816 - INFO - ======================================================================
2026-05-22 00:50:07,816 - INFO - Total Loops: 2
2026-05-22 00:50:07,816 - INFO - Agent Turns (no vote checker): 6
2026-05-22 00:50:07,816 - INFO - Agent Tool Calls: 0
2026-05-22 00:50:07,816 - INFO - Agent Tool Messages: 0
2026-05-22 00:50:07,816 - INFO - Memory Updates: 18
2026-05-22 00:50:07,816 - INFO - Total Messages (no vote checker): 6
2026-05-22 00:50:07,816 - INFO - Input Tokens: 49348
2026-05-22 00:50:07,816 - INFO - Output Tokens: 20591
2026-05-22 00:50:07,816 - INFO - Total Tokens: 69939
2026-05-22 00:50:07,816 - INFO - Final Chosen Candidate: Candidate C
2026-05-22 00:50:07,816 - INFO - Final Decision Method: consensus
2026-05-22 00:50:07,816 - INFO - Final Vote Count: {'Candidate C': 3}
2026-05-22 00:50:07,816 - INFO - Correct Candidate: Candidate C
2026-05-22 00:50:07,816 - INFO - Decision Correct: 1
2026-05-22 00:50:07,816 - INFO - Runtime: 109.85s
2026-05-22 00:50:07,816 - INFO - ======================================================================
