2026-06-04 10:39:47,053 - INFO - Metrics tracker initialized
{"id": 1, "ts": 1780562387.080517, "event": "memory_initialized"}
{"id": 2, "ts": 1780562387.0849807, "event": "discussion_order", "round": 1, "order": ["sarah_mitchell", "james_carter", "emily_brooks"]}
2026-06-04 10:39:56,178 - INFO - Tokens - Input: 2155, Output: 940, Total: 3095
{"id": 3, "ts": 1780562396.1804767, "event": "public_discussion_message", "round": 1, "agent": "sarah_mitchell", "message": "I\u2019d like to put forward Candidate\u202fC as the strongest overall fit for the long\u2011distance pilot role.\u202fHe is noted as 100\u202f% reliable and makes correct decisions quickly\u2014both critical for operational reliability and decision quality on international flights.\u202fAdditionally, he creates a positive atmosphere with his crew, indicating good crew cooperation and professional communication in practice, even though he has some difficulty articulating ideas.\u202fWhile his egocentric style and limited willingness to pursue further education raise concerns about adaptability, these drawbacks are less severe than the uncooperative or arrogant behaviours observed in the other candidates.\u202fGiven the balance of high reliability, sound decision\u2011making, and a generally positive crew dynamic, Candidate\u202fC appears to best meet our safety\u2011critical criteria."}
2026-06-04 10:39:56,180 - INFO - Agent turns: 1
2026-06-04 10:40:01,057 - INFO - Tokens - Input: 2313, Output: 611, Total: 2924
{"id": 4, "ts": 1780562401.0593321, "event": "public_discussion_message", "round": 1, "agent": "james_carter", "message": "I concur with Sarah\u2019s assessment that Candidate\u202fC is the strongest overall fit.\u202fHe demonstrates rapid, correct decision\u2011making, stays calm in a crisis, and understands complex technology\u2014key for stress resilience, decision quality, and technical competence on long\u2011haul flights.\u202fWhile his difficulty articulating ideas and egocentric style raise some concerns about crew cooperation, the evidence shows he still creates a positive atmosphere with his crew, suggesting those traits do not dominate his interpersonal behavior.\u202fCompared with the other candidates, whose serious cooperation issues (B\u2019s nasty remarks, D\u2019s hot temper, A\u2019s show\u2011off attitude) outweigh their technical strengths, C offers the best balance of reliability, competence, and overall safety\u2011critical fit."}
2026-06-04 10:40:01,059 - INFO - Agent turns: 2
2026-06-04 10:40:06,228 - INFO - Tokens - Input: 2460, Output: 594, Total: 3054
{"id": 5, "ts": 1780562406.2302454, "event": "public_discussion_message", "round": 1, "agent": "emily_brooks", "message": "I concur with Sarah and James that Candidate\u202fC remains the strongest overall fit. His ability to make correct decisions quickly directly addresses our decision\u2011quality and stress\u2011resilience criteria, while his excellent attention skills ensure accurate handling of operational details. Moreover, his habit of putting concern for others above everything supports crew cooperation and professional communication despite his noted difficulty articulating ideas. The concerns about his egocentric style and limited willingness to pursue further education are real, but they do not outweigh the critical safety\u2011related strengths he demonstrates. Compared with the other candidates\u2014who each have notable cooperation or temperament issues\u2014C offers the most balanced profile for a long\u2011distance pilot."}
2026-06-04 10:40:06,230 - INFO - Agent turns: 3
2026-06-04 10:40:06,239 - INFO - Loop 1 completed
{"id": 6, "ts": 1780562406.2452145, "event": "discussion_order", "round": 2, "order": ["sarah_mitchell", "james_carter", "emily_brooks"]}
2026-06-04 10:40:10,104 - INFO - Tokens - Input: 2606, Output: 469, Total: 3075
{"id": 7, "ts": 1780562410.105605, "event": "public_discussion_message", "round": 2, "agent": "sarah_mitchell", "message": "I remain convinced that Candidate\u202fC is our best choice. While I acknowledge his difficulty articulating ideas, egocentric tendency, and limited appetite for further education, the evidence that he is 100\u202f% reliable, makes correct decisions quickly, and creates a positive crew atmosphere directly addresses our core safety criteria\u2014operational reliability, decision quality, and crew cooperation. In contrast, Candidate\u202fB, despite strong stress resilience, is noted as uncooperative; Candidate\u202fD, though responsible, is regarded as arrogant and has weak leadership; Candidate\u202fA shows leadership potential but is unorganized and struggles with criticism. Those shortcomings pose greater risks to the collaborative, high\u2011risk environment of long\u2011distance flights than the relatively minor adaptability concerns we see with C. Therefore, I continue to recommend Candidate\u202fC for the long\u2011distance pilot position."}
2026-06-04 10:40:10,105 - INFO - Agent turns: 4
2026-06-04 10:40:15,109 - INFO - Tokens - Input: 2786, Output: 608, Total: 3394
{"id": 8, "ts": 1780562415.1107838, "event": "public_discussion_message", "round": 2, "agent": "james_carter", "message": "I remain aligned with Sarah, Emily and my earlier stance: Candidate\u202fC is the best overall fit. His ability to make correct decisions quickly, stay calm in a crisis, and understand complicated technology directly satisfies our decision\u2011quality, stress\u2011resilience, and technical\u2011competence criteria. While his difficulty articulating ideas, egocentric style, and limited appetite for further education are noted, they do not outweigh the core safety\u2011critical strengths he demonstrates. In contrast, Candidate\u202fB\u2019s strong stress handling is marred by nasty remarks toward colleagues, Candidate\u202fD\u2019s problem\u2011solving and responsibility are offset by a hot temper and a know\u2011it\u2011all attitude, and Candidate\u202fA\u2019s leadership potential is clouded by a show\u2011off demeanor and resistance to new ideas. Therefore, I continue to recommend Candidate\u202fC for the long\u2011distance pilot position."}
2026-06-04 10:40:15,111 - INFO - Agent turns: 5
2026-06-04 10:40:21,736 - INFO - Tokens - Input: 2961, Output: 781, Total: 3742
{"id": 9, "ts": 1780562421.7381024, "event": "public_discussion_message", "round": 2, "agent": "emily_brooks", "message": "I remain aligned with Sarah, James and the panel\u2019s earlier consensus: Candidate\u202fC is still my preferred choice for the long\u2011distance pilot role. His ability to make correct decisions quickly directly satisfies our decision\u2011quality and stress\u2011resilience criteria, and his excellent attention skills ensure the accuracy needed for complex, international operations. Moreover, his habit of putting concern for others above everything supports crew cooperation and professional communication, even though he sometimes struggles to articulate ideas. The concerns about his egocentric style and limited willingness to pursue further education are noteworthy, but they do not outweigh the core safety\u2011critical strengths he demonstrates. Compared with the other candidates\u2014B\u2019s pretentious tone, D\u2019s moody, loner reputation, and A\u2019s unfriendly demeanor\u2014C offers the most balanced profile for the high\u2011risk, collaborative environment of long\u2011haul flights."}
2026-06-04 10:40:21,738 - INFO - Agent turns: 6
2026-06-04 10:40:21,747 - INFO - Loop 2 completed
2026-06-04 10:40:21,747 - INFO - Final Chosen Candidate: Candidate C
2026-06-04 10:40:21,747 - INFO - Final Decision Method: consensus
2026-06-04 10:40:21,748 - INFO - Final Vote Count: {'Candidate C': 3}
2026-06-04 10:40:21,748 - INFO - Correct Candidate: Candidate C
2026-06-04 10:40:21,748 - INFO - Decision Correct: 1
{"id": 10, "ts": 1780562421.7495513, "event": "context_consistency_not_applicable", "reason": "explicit_smm_memory_disabled"}
{"id": 11, "ts": 1780562421.7497094, "event": "final_decision", "candidate": "Candidate C", "method": "consensus", "vote_count": {"Candidate C": 3}, "correct_candidate": "Candidate C", "decision_correct": 1, "round": 2}
2026-06-04 10:40:21,756 - INFO - ======================================================================
2026-06-04 10:40:21,757 - INFO - SIMULATION METRICS
2026-06-04 10:40:21,757 - INFO - ======================================================================
2026-06-04 10:40:21,757 - INFO - Total Loops: 2
2026-06-04 10:40:21,757 - INFO - Agent Turns (no vote checker): 6
2026-06-04 10:40:21,757 - INFO - Agent Tool Calls: 0
2026-06-04 10:40:21,757 - INFO - Agent Tool Messages: 0
2026-06-04 10:40:21,757 - INFO - Memory Updates: 0
2026-06-04 10:40:21,757 - INFO - Total Messages (no vote checker): 6
2026-06-04 10:40:21,757 - INFO - Input Tokens: 15281
2026-06-04 10:40:21,757 - INFO - Output Tokens: 4003
2026-06-04 10:40:21,757 - INFO - Total Tokens: 19284
2026-06-04 10:40:21,757 - INFO - Final Chosen Candidate: Candidate C
2026-06-04 10:40:21,757 - INFO - Final Decision Method: consensus
2026-06-04 10:40:21,758 - INFO - Final Vote Count: {'Candidate C': 3}
2026-06-04 10:40:21,758 - INFO - Correct Candidate: Candidate C
2026-06-04 10:40:21,758 - INFO - Decision Correct: 1
2026-06-04 10:40:21,758 - INFO - Runtime: 34.70s
2026-06-04 10:40:21,758 - INFO - ======================================================================
