2026-07-18 16:46:01,218 - INFO - Metrics tracker initialized
{"id": 1, "ts": 1784385961.2469294, "event": "memory_initialized"}
{"id": 2, "ts": 1784385961.2517328, "event": "discussion_order", "round": 1, "order": ["agent_3", "agent_2", "agent_1"]}
2026-07-18 16:46:08,063 - INFO - Tokens - Input: 2141, Output: 758, Total: 2899
{"id": 3, "ts": 1784385968.0650737, "event": "public_discussion_message", "round": 1, "agent": "agent_3", "message": "I\u2019d like to put forward Candidate\u202fB as the current preferred choice.\u202fFrom the notes we have, B is described as \u201cvery conscientious,\u201d which speaks directly to operational reliability, and \u201chandles stress very well,\u201d meeting our stress\u2011resilience requirement for long\u2011distance flights.\u202fAdditionally, B \u201cis good at assessing weather conditions\u201d and has \u201cexcellent computer skills,\u201d both indicating solid technical and cognitive competence for complex, international operations.\nThe only notable drawback is that B is \u201cregarded as pretentious\u201d and \u201csometimes adopts the wrong tone when communicating.\u201d While communication style is important for crew cooperation, I view these as behavioral issues that can be addressed through targeted training and mentorship, especially given B\u2019s strong foundation in reliability, stress handling, and technical ability.\nTherefore, I recommend we move forward with Candidate\u202fB, while planning a brief follow\u2011up on communication expectations before final onboarding."}
2026-07-18 16:46:08,065 - INFO - Agent turns: 1
2026-07-18 16:46:17,182 - INFO - Tokens - Input: 2333, Output: 1345, Total: 3678
{"id": 4, "ts": 1784385977.1841288, "event": "public_discussion_message", "round": 1, "agent": "agent_2", "message": "I\u2019m less convinced that Candidate\u202fB is the best overall fit. While B\u2019s conscientiousness and stress\u2011resilience are strong, the notes also flag a \u201cweak memory for numbers\u201d and that B \u201cmakes nasty remarks about his colleagues.\u201d In a long\u2011distance cockpit, accurate handling of numerical data and respectful crew interaction are non\u2011negotiable safety pillars; these concerns outweigh the technical strengths you highlighted.\nBy contrast, Candidate\u202fA demonstrates several core pilot qualities: \u201ckeeps calm in a crisis,\u201d \u201ccan make correct decisions quickly,\u201d and \u201cunderstands complicated technology.\u201d The only noted downsides are difficulty communicating ideas and an egocentric reputation, but there\u2019s no evidence of outright hostility or critical attention deficits. Compared with Candidate\u202fC (show\u2011off, not open to new ideas) and Candidate\u202fD (hot temper, know\u2011it\u2011all), A\u2019s profile presents fewer safety\u2011critical red flags.\nGiven the balance of strengths and the severity of the concerns, I would shift my provisional recommendation to **Candidate\u202fA** as the stronger overall fit for the long\u2011distance pilot role."}
2026-07-18 16:46:17,184 - INFO - Agent turns: 2
2026-07-18 16:46:26,099 - INFO - Tokens - Input: 2564, Output: 1311, Total: 3875
{"id": 5, "ts": 1784385986.1012955, "event": "public_discussion_message", "round": 1, "agent": "agent_1", "message": "I agree with Agent\u202f2 that Candidate\u202fA remains the stronger overall fit.\u202fWhile Agent\u202f3 correctly points out B\u2019s very conscientious nature and excellent stress handling, the discussion has also raised serious crew\u2011cooperation concerns for B \u2013 he is described as grumpy, uncooperative, and makes nasty remarks, and there is a note about a weak memory for numbers. Those issues directly threaten the communication, attention, and safety\u2011critical interaction required on long\u2011distance flights.\u202fIn contrast, Candidate\u202fA is documented as 100\u202f% reliable, can make correct decisions quickly, and creates a positive atmosphere with his crew, even though he has difficulty communicating ideas and is regarded as egocentric.\u202fThose communication quirks are less hazardous than the hostility and accuracy concerns raised for B.\u202fTherefore, I keep my provisional recommendation for Candidate\u202fA."}
2026-07-18 16:46:26,101 - INFO - Agent turns: 3
2026-07-18 16:46:26,111 - INFO - Loop 1 completed
{"id": 6, "ts": 1784385986.1185293, "event": "discussion_order", "round": 2, "order": ["agent_1", "agent_2", "agent_3"]}
2026-07-18 16:46:30,636 - INFO - Tokens - Input: 2747, Output: 653, Total: 3400
{"id": 7, "ts": 1784385990.6378472, "event": "public_discussion_message", "round": 2, "agent": "agent_1", "message": "I agree with Agent\u202f2\u2019s assessment and keep Candidate\u202fA as my provisional recommendation.\u202fBuilding on the points raised, A\u2019s 100\u202f% reliability and proven ability to create a positive crew atmosphere directly address our operational reliability and crew\u2011cooperation criteria, while his quick, correct decision\u2011making meets the decision\u2011quality requirement.\u202fIn contrast, the other candidates present notable safety\u2011relevant gaps:\u202fCandidate\u202fC, despite strong situational awareness and leadership, is \u201csometimes not good at taking criticism\u201d and \u201ccan be unorganized,\u201d which jeopardizes both crew cooperation and attention to detail;\u202fCandidate\u202fD, although good at problem\u2011solving and responsibility, is \u201cregarded as arrogant\u201d with \u201crelatively weak leadership skills,\u201d raising concerns about cockpit harmony and adaptability.\u202fCandidate\u202fB\u2019s \u201cgrumpy,\u201d \u201cuncooperative,\u201d and \u201cnasty remarks\u201d behavior, plus the noted weak memory for numbers, remain serious red flags for communication and attention accuracy.\u202fGiven that A combines solid reliability, decisive performance, and a constructive crew environment without the critical drawbacks seen in B, C, or D, I see no compelling reason to shift my vote."}
2026-07-18 16:46:30,638 - INFO - Agent turns: 4
2026-07-18 16:46:36,606 - INFO - Tokens - Input: 2998, Output: 857, Total: 3855
{"id": 8, "ts": 1784385996.6080866, "event": "public_discussion_message", "round": 2, "agent": "agent_2", "message": "I concur with Agent\u202f1\u2019s reaffirmation and keep Candidate\u202fA as my provisional recommendation.\u202fBuilding on the points raised, A\u2019s ability to stay calm in a crisis, make quick correct decisions, and understand complex technology directly satisfies our stress\u2011resilience, decision\u2011quality, and technical\u2011competence criteria.\u202fThe only noted drawbacks\u2014difficulty communicating ideas and an egocentric reputation\u2014do not rise to the level of safety\u2011critical risk, unlike the hostility and accuracy concerns seen in B (nasty remarks, weak memory for numbers) or the cooperation and adaptability issues in C (show\u2011off, not open to new ideas) and D (hot temper, know\u2011it\u2011all).\u202fGiven that A combines reliable performance with no serious crew\u2011cooperation or attention\u2011accuracy red flags, I see no compelling reason to shift my vote."}
2026-07-18 16:46:36,608 - INFO - Agent turns: 5
2026-07-18 16:46:42,348 - INFO - Tokens - Input: 3172, Output: 819, Total: 3991
{"id": 9, "ts": 1784386002.3503556, "event": "public_discussion_message", "round": 2, "agent": "agent_3", "message": "I\u2019m convinced by the points raised by Agents\u202f1 and\u202f2 and will shift my provisional recommendation to **Candidate\u202fA**.\u202fWhile B\u2019s conscientiousness and stress\u2011resilience are attractive, the discussion has highlighted serious crew\u2011cooperation and attention concerns \u2013 \u201cpretentious\u201d demeanor, \u201cwrong tone\u201d in communication, \u201cnasty remarks\u201d toward colleagues, and a weak memory for numbers \u2013 that directly threaten safe cockpit interaction and accurate handling of operational data.\u202fIn contrast, A demonstrates core safety strengths: \u201ccan make correct decisions quickly,\u201d \u201cexcellent attention skills,\u201d and \u201cputs concern for others above everything,\u201d which together satisfy decision quality, attention accuracy, and crew\u2011cooperation criteria.\u202fThe remaining candidates also show red flags \u2013 C is \u201cunfriendly,\u201d and D is described as \u201cmoody\u201d and a \u201cloner,\u201d both undermining teamwork.\u202fGiven A\u2019s solid reliability, decisive performance, and lack of safety\u2011critical drawbacks, I now recommend Candidate\u202fA."}
2026-07-18 16:46:42,350 - INFO - Agent turns: 6
2026-07-18 16:46:42,360 - INFO - Loop 2 completed
2026-07-18 16:46:42,360 - INFO - Final Chosen Candidate: Candidate A
2026-07-18 16:46:42,361 - INFO - Final Decision Method: consensus
2026-07-18 16:46:42,361 - INFO - Final Vote Count: {'Candidate A': 3}
2026-07-18 16:46:42,361 - INFO - Correct Candidate: Candidate A
2026-07-18 16:46:42,361 - INFO - Decision Correct: 1
{"id": 10, "ts": 1784386002.3626, "event": "context_consistency_not_applicable", "reason": "explicit_smm_memory_disabled"}
{"id": 11, "ts": 1784386002.3627472, "event": "final_decision", "candidate": "Candidate A", "method": "consensus", "vote_count": {"Candidate A": 3}, "correct_candidate": "Candidate A", "decision_correct": 1, "round": 2}
2026-07-18 16:46:42,371 - INFO - ======================================================================
2026-07-18 16:46:42,372 - INFO - SIMULATION METRICS
2026-07-18 16:46:42,372 - INFO - ======================================================================
2026-07-18 16:46:42,372 - INFO - Total Loops: 2
2026-07-18 16:46:42,372 - INFO - Agent Turns (no vote checker): 6
2026-07-18 16:46:42,372 - INFO - Agent Tool Calls: 0
2026-07-18 16:46:42,372 - INFO - Agent Tool Messages: 0
2026-07-18 16:46:42,372 - INFO - Memory Updates: 0
2026-07-18 16:46:42,372 - INFO - Total Messages (no vote checker): 6
2026-07-18 16:46:42,372 - INFO - Input Tokens: 15955
2026-07-18 16:46:42,372 - INFO - Output Tokens: 5743
2026-07-18 16:46:42,372 - INFO - Total Tokens: 21698
2026-07-18 16:46:42,372 - INFO - Final Chosen Candidate: Candidate A
2026-07-18 16:46:42,373 - INFO - Final Decision Method: consensus
2026-07-18 16:46:42,373 - INFO - Final Vote Count: {'Candidate A': 3}
2026-07-18 16:46:42,373 - INFO - Correct Candidate: Candidate A
2026-07-18 16:46:42,373 - INFO - Decision Correct: 1
2026-07-18 16:46:42,373 - INFO - Runtime: 41.15s
2026-07-18 16:46:42,373 - INFO - ======================================================================
