2026-06-03 21:18:09,740 - INFO - Metrics tracker initialized
{"id": 1, "ts": 1780514289.7697988, "event": "memory_initialized"}
{"id": 2, "ts": 1780514289.7741623, "event": "discussion_order", "round": 1, "order": ["james_carter", "emily_brooks", "sarah_mitchell"]}
2026-06-03 21:18:20,211 - INFO - Tokens - Input: 2762, Output: 1087, Total: 3849
{"id": 3, "ts": 1780514300.2130315, "event": "public_discussion_message", "round": 1, "agent": "james_carter", "message": "I\u2019d like to put forward Candidate\u202fB as the current recommendation.\u202fHe demonstrates the core reliability and stress\u2011resilience we need for long\u2011distance operations \u2013 he is described as \u201cvery conscientious\u201d and \u201chandles stress very well,\u201d and his ability to assess weather conditions is directly relevant to international flight planning.\u202fHis excellent computer skills also support the technical demands of modern cockpit systems.\u202fWhile he does have a relatively weak memory for numbers and has been noted to make \u201cnasty remarks\u201d about colleagues, these issues are more remediable through training and coaching than the fundamental deficits seen in the other candidates (e.g., the communication problems of C, the hot temper of D, or the inflexibility and show\u2011off attitude of A).\u202fThus, on balance, B offers the strongest overall fit for the role.", "thoughts": "We need to produce PUBLIC_MESSAGE and METADATA_JSON. No prior discussion, so we are first to speak. Need to make an argumentative contribution, state current recommendation, refer to existing discussion (none), but we can still state recommendation and give evidence. Should pick a candidate based on facts. Let's evaluate.\n\nCandidates:\n\nA: can anticipate dangerous situations, see complex connections, excellent spatial vision, very good leadership qualities. Concerns: regarded as a show-off, not open to new ideas. Also regarded as a show-off, not open to new ideas. So strengths: anticipation, complex connections, spatial vision, leadership. Weaknesses: attitude (show-off), not open to new ideas (lack adaptability). Also maybe cooperation issues.\n\nB: very conscientious, handles stress well, good at assessing weather, excellent computer skills. Concerns: relatively weak memory for numbers, makes nasty remarks about colleagues. So strengths: reliability, stress resilience, weather assessment (operational), computer skills. Weaknesses: memory for numbers (attention/accuracy), interpersonal (nasty remarks). Could affect crew cooperation.\n\nC: can make correct decisions quickly, keeps calm in crisis, understands complicated technology. Concerns: difficulty communicating ideas, regarded as egocentric, not willing to further education. Strengths: decision quality, stress resilience, technical competence. Weaknesses: communication, egocentric, lack of development.\n\nD: responds to unexpected events adequately, can concentrate very well, solves problems extremely well, takes responsibility seriously. Concerns: regarded as a know-it-all, hot temper. Strengths: adaptability, attention, problem solving, responsibility. Weaknesses: attitude (know-it-all), hot temper (stress resilience maybe).\n\nWe need best overall fit. Likely B has good reliability and stress, but interpersonal issues. C has strong technical and decision but communication issues. D has strong problem solving and responsibility but hot temper. A has anticipation and leadership but attitude and not open to ideas.\n\nWhich candidate balances? Maybe D: strong responsibility, concentration, problem solving, adaptability, but hot temper could be serious. B's nasty remarks also serious. C's egocentric and communication issues also serious. A's show-off and not open to ideas also serious.\n\nWe need to weigh. For long-distance pilot, stress resilience, decision quality, technical competence, cooperation, responsibility are crucial. Communication is also crucial. Hot temper could affect crew cooperation. Nasty remarks also affect. Egocentric and communication difficulty also affect.\n\nWhich candidate has least severe concerns? Let's compare severity: A's show-off and not open to new ideas: may affect crew but perhaps less severe than hot temper? B's nasty remarks: direct interpersonal conflict. C's difficulty communicating ideas and egocentric: also problematic. D's hot temper: could be dangerous under stress.\n\nMaybe B's conscientiousness and stress handling outweigh nasty remarks? But nasty remarks could degrade crew cooperation. Might be mitigated with training.\n\nC's quick correct decisions and calm in crisis are strong, but communication issues could be mitigated.\n\nD's responsibility and concentration are strong, but hot temper is serious.\n\nWhich candidate overall best? I think Candidate C has strong decision quality, calm under pressure, technical competence, but communication issues are concerning. However, communication is essential for cockpit crew. Egocentric may affect cooperation.\n\nCandidate B has reliability, stress handling, weather assessment, but memory for numbers and nasty remarks are concerns. Memory for numbers could affect attention to detail. Nasty remarks affect crew.\n\nCandidate A has anticipation and leadership, but not open to new ideas and show-off may affect adaptability and crew.\n\nGiven the balance, perhaps Candidate B is still the best because reliability and stress handling are core, and memory for numbers could be trained, and nasty remarks could be addressed. But the panel may consider interpersonal issues more severe.\n\nAlternatively, Candidate D has strong problem solving and responsibility, but hot temper is serious.\n\nI think choose Candidate B as provisional recommendation, with note that concerns need addressing.\n\nThus public message: I propose Candidate B, citing strengths and acknowledging concerns.\n\nWe must include evidence: very conscientious, handles stress well, good at assessing weather, excellent computer skills. Concern: weak memory for numbers, nasty remarks.\n\nExplain why still best: reliability and stress resilience outweigh concerns, and can be mitigated.\n\nNow produce METADATA_JSON vote: Candidate B.\n\nProceed."}
2026-06-03 21:18:20,213 - INFO - Agent turns: 1
2026-06-03 21:18:45,149 - INFO - Tokens - Input: 2795, Output: 1830, Total: 4625
2026-06-03 21:18:45,152 - INFO - Memory updates: 1
{"id": 4, "ts": 1780514325.1526256, "event": "memory_updated", "agent": "james_carter", "round": 1}
2026-06-03 21:18:55,370 - INFO - Tokens - Input: 2793, Output: 2821, Total: 5614
2026-06-03 21:18:55,372 - INFO - Memory updates: 2
{"id": 5, "ts": 1780514335.3726735, "event": "memory_updated", "agent": "emily_brooks", "round": 1}
2026-06-03 21:19:00,926 - INFO - Tokens - Input: 2798, Output: 3480, Total: 6278
2026-06-03 21:19:00,929 - INFO - Memory updates: 3
{"id": 6, "ts": 1780514340.929166, "event": "memory_updated", "agent": "sarah_mitchell", "round": 1}
2026-06-03 21:19:08,596 - INFO - Tokens - Input: 4253, Output: 824, Total: 5077
{"id": 7, "ts": 1780514348.5984712, "event": "public_discussion_message", "round": 1, "agent": "emily_brooks", "message": "I\u2019m glad James highlighted Candidate\u202fB\u2019s reliability and stress\u2011resilience \u2013 being \u201cvery conscientious,\u201d handling stress well, and accurately assessing weather are indeed core for long\u2011haul operations, and his strong computer skills support modern cockpit demands.\u202fHowever, before we lock in a recommendation, I think we need to weigh his weaker points against the other candidates, especially since we haven\u2019t yet examined A and D in depth.\nCandidate\u202fA brings valuable operational foresight \u2013 he can anticipate dangerous situations, sees complex connections, and has excellent spatial vision and leadership qualities.\u202fThose traits map directly to decision quality and situational awareness.\u202fYet his \u201cunfriendly\u201d demeanor and \u201cnot open to new ideas\u201d raise red flags for crew cooperation and adaptability, which are equally safety\u2011critical.\nCandidate\u202fD shows impressive concentration, problem\u2011solving, and a serious sense of responsibility \u2013 all vital for the sustained attention required on international routes.\u202fHis ability to respond adequately to unexpected events also supports stress resilience.\u202fConversely, being described as \u201cmoody\u201d and a \u201cloner\u201d (and a know\u2011it\u2011all) could undermine cockpit communication and teamwork.\nGiven that B\u2019s interpersonal concerns (weak memory for numbers and occasional nasty remarks) are more readily mitigated through training than the fundamental attitude issues noted for A and D, I remain inclined to keep Candidate\u202fB as the provisional lead.\u202fNonetheless, I\u2019d like us to discuss A\u2019s and D\u2019s strengths and concerns further before finalising the hire.", "thoughts": "We need to produce public message and metadata. The system instruction says we are Emily Brooks, need to make an argumentative contribution. We have to consider that James Carter already gave a public message recommending Candidate B. Now we need to respond as Emily Brooks. We should refer to his point, maybe agree or challenge, bring in other facts. We have our own notes. We can either support B or propose another candidate. We need to follow the meeting process: we should not dump facts, but argue.\n\nWe have candidate facts. We might want to bring up concerns about B's memory for numbers and nasty remarks, and perhaps compare with other candidates. Maybe we could argue that Candidate C's quick decision making and calm under pressure outweigh B's interpersonal issues, but C also has communication issues. Or we could bring up Candidate D's responsibility and concentration, but hot temper.\n\nWe need to decide our stance. Could we challenge James's recommendation? Possibly propose Candidate C as stronger due to decision quality and calmness, and note that communication issues could be mitigated. Or we could support B but ask for clarification on memory issue.\n\nWe also have tool usage: we could ask Sarah Mitchell about Candidate A's teamwork or communication, or about D's interpersonal behavior. But we need to produce a public message now. We could ask a tool question before final message, but the instruction says we must output public message and metadata. If we need more info, we could call a tool first. But we can also proceed with our own knowledge.\n\nWe have not yet discussed Candidate A and D. The shared mental model says they are under-discussed. So we could bring up Candidate A's strengths and concerns, and suggest that we need to discuss them before final decision. We could say we agree with James on B but we need to consider A and D.\n\nThus our public message: \"I appreciate James's points, I think B is strong but we still need to evaluate A and D. For A, his anticipation and leadership are valuable, but his unfriendly attitude and lack of openness may affect crew cooperation. For D, his concentration and responsibility are strong, but his hot temper and being a loner could affect teamwork.\" Then maybe we still tentatively support B but want more discussion.\n\nWe must include vote. We can vote for B still, but note we need more info.\n\nThus produce public message with argument.\n\nLet's craft."}
2026-06-03 21:19:08,598 - INFO - Agent turns: 2
2026-06-03 21:19:36,547 - INFO - Tokens - Input: 4013, Output: 1941, Total: 5954
2026-06-03 21:19:36,551 - INFO - Memory updates: 4
{"id": 8, "ts": 1780514376.5512087, "event": "memory_updated", "agent": "emily_brooks", "round": 1}
2026-06-03 21:19:52,572 - INFO - Tokens - Input: 4166, Output: 3515, Total: 7681
2026-06-03 21:19:52,574 - INFO - Memory updates: 5
{"id": 9, "ts": 1780514392.5744076, "event": "memory_updated", "agent": "sarah_mitchell", "round": 1}
2026-06-03 21:19:53,800 - INFO - Tokens - Input: 4233, Output: 3653, Total: 7886
2026-06-03 21:19:53,802 - INFO - Memory updates: 6
{"id": 10, "ts": 1780514393.802785, "event": "memory_updated", "agent": "james_carter", "round": 1}
2026-06-03 21:20:02,208 - INFO - Tokens - Input: 5271, Output: 834, Total: 6105
{"id": 11, "ts": 1780514402.2101014, "event": "public_discussion_message", "round": 1, "agent": "sarah_mitchell", "message": "I\u2019m aligned with James on Candidate\u202fB\u2019s core reliability and stress\u2011resilience \u2013 being \u201cvery conscientious,\u201d handling stress well, and accurately assessing weather are exactly the foundations for safe long\u2011haul operations, and his strong computer skills support modern cockpit demands.\u202fHowever, before we close the case, I think we need to bring Candidate\u202fC into the conversation because his ability to \u201cmake correct decisions quickly,\u201d stay calm in a crisis, and understand complicated technology directly addresses decision quality and technical competence, which are equally safety\u2011critical.\u202fThe flip side is his \u201cdifficulty communicating ideas,\u201d egocentric attitude, and lack of willingness to pursue further education \u2013 traits that could undermine crew coordination and continuous improvement.\u202fIn comparison, B\u2019s weaker points (a relatively weak memory for numbers and occasional \u201cnasty remarks\u201d) are more readily mitigated through procedural checks and interpersonal coaching than the fundamental communication barrier we see with C.\u202fTherefore, while I remain provisionally in favor of Candidate\u202fB, I suggest we explicitly discuss C\u2019s communication concerns and D\u2019s temperament before finalising the hire.", "thoughts": "We need to produce public message and metadata. As Sarah Mitchell, we need to respond to James and Emily? Actually we are Sarah Mitchell, the first turn was James, second was Emily. Now it's our turn (Round 3). We need to follow guidelines: make an argumentative contribution, reference existing discussion, give evidence, state our vote.\n\nWe have our own notes: same as listed. We need to consider candidate A, B, C, D. We have not yet discussed C. We should bring C into discussion. Also we need to consider the concerns. Our vote could be B, but we might shift after evaluating C. Let's evaluate.\n\nCandidate C: makes correct decisions quickly, keeps calm in crisis, understands complicated technology. Also difficulty communicating ideas, egocentric, not willing to further education. Strengths: decision quality, stress resilience, technical competence. Weaknesses: communication, egocentric, lack of development.\n\nCandidate B: reliability, stress, weather, computer, but weak memory for numbers, nasty remarks.\n\nCandidate A: anticipation, complex connections, spatial vision, leadership, but unfriendly, not open to criticism, unorganized.\n\nCandidate D: concentration, problem solving, responsibility, responds to unexpected events, but arrogant, hot temper, weak leadership.\n\nWe need to weigh. For long-distance pilot, decision quality, stress, technical competence, crew cooperation, communication, responsibility are all crucial. B has strong reliability but memory and interpersonal issues. C has strong decision and technical but communication issues. D has strong responsibility and concentration but temperament issues. A has anticipation and leadership but attitude and organization.\n\nWhich is best overall? Hard. Might consider that communication is essential; C's difficulty communicating may be a serious safety risk. B's nasty remarks also serious. D's hot temper also serious. A's unorganized could affect attention to detail.\n\nPerhaps B still best because reliability and stress are core, and memory for numbers could be mitigated with checks, and nasty remarks can be addressed with training. But we need to discuss C's decision speed. However, decision quality is critical; B's decision quality not explicitly mentioned. C's quick correct decisions is a strong point. But communication is also essential; C's difficulty communicating could be fatal.\n\nThus I might still vote for B, but request more info on C's communication and D's temperament. Or I could shift to C if I think decision quality outweighs communication issues. But guidelines: do not overvalue one strength while ignoring serious concerns. Communication is serious. So B remains.\n\nThus my public message: I agree with James that B is strong, but I want to bring C into discussion, compare decision quality vs communication, and note that B's memory issue may affect attention. I will keep provisional vote for B but note need to discuss C and D further.\n\nLet's craft.\n\nMetadata vote: Candidate B."}
2026-06-03 21:20:02,210 - INFO - Agent turns: 3
2026-06-03 21:20:44,592 - INFO - Tokens - Input: 5147, Output: 2889, Total: 8036
2026-06-03 21:20:44,595 - INFO - Memory updates: 7
{"id": 12, "ts": 1780514444.5954638, "event": "memory_updated", "agent": "james_carter", "round": 1}
2026-06-03 21:20:47,049 - INFO - Tokens - Input: 4974, Output: 3119, Total: 8093
2026-06-03 21:20:47,052 - INFO - Memory updates: 8
{"id": 13, "ts": 1780514447.052432, "event": "memory_updated", "agent": "emily_brooks", "round": 1}
2026-06-03 21:20:59,072 - INFO - Tokens - Input: 5046, Output: 4502, Total: 9548
2026-06-03 21:20:59,074 - INFO - Memory updates: 9
{"id": 14, "ts": 1780514459.0746968, "event": "memory_updated", "agent": "sarah_mitchell", "round": 1}
2026-06-03 21:20:59,086 - INFO - Loop 1 completed
{"id": 15, "ts": 1780514459.0935202, "event": "discussion_order", "round": 2, "order": ["sarah_mitchell", "emily_brooks", "james_carter"]}
2026-06-03 21:21:03,040 - INFO - Tokens - Input: 6384, Output: 314, Total: 6698
{"id": 16, "ts": 1780514463.042096, "event": "public_discussion_message", "round": 2, "agent": "sarah_mitchell", "message": "I\u2019m aligned with James on Candidate\u202fB\u2019s core reliability and stress\u2011resilience \u2013 being \u201cvery conscientious,\u201d handling stress well, and accurately assessing weather are exactly the foundations for safe long\u2011haul operations, and his strong computer skills support modern cockpit demands. However, before we close the case, I think we need to bring Candidate\u202fC into the conversation because his ability to \u201cmake correct decisions quickly,\u201d stay calm in a crisis, and understand complicated technology directly addresses decision quality and technical competence, which are equally safety\u2011critical. The flip side is his \u201cdifficulty communicating ideas,\u201d egocentric attitude, and lack of willingness to pursue further education \u2013 traits that could undermine crew coordination and continuous improvement. In comparison, B\u2019s weaker points (a relatively weak memory for numbers and occasional \u201cnasty remarks\u201d) are more readily mitigated through procedural checks and interpersonal coaching than the fundamental communication barrier we see with C. Therefore, while I remain provisionally in favor of Candidate\u202fB, I suggest we explicitly discuss C\u2019s communication concerns and D\u2019s temperament before finalising the hire.", "thoughts": "We need to produce PUBLIC_MESSAGE and METADATA_JSON. According to the last instruction, we must output only those sections. We have already drafted a public message. Need to ensure it follows guidelines: state recommendation, refer to existing discussion, use explicit facts, explain.\n\nOur vote: Candidate B.\n\nNow produce final answer."}
2026-06-03 21:21:03,042 - INFO - Agent turns: 4
2026-06-03 21:21:31,590 - INFO - Tokens - Input: 5262, Output: 1913, Total: 7175
2026-06-03 21:21:31,593 - INFO - Memory updates: 10
{"id": 17, "ts": 1780514491.5934334, "event": "memory_updated", "agent": "emily_brooks", "round": 2}
2026-06-03 21:21:34,041 - INFO - Tokens - Input: 5661, Output: 2151, Total: 7812
2026-06-03 21:21:34,044 - INFO - Memory updates: 11
{"id": 18, "ts": 1780514494.044184, "event": "memory_updated", "agent": "james_carter", "round": 2}
2026-06-03 21:21:34,514 - INFO - Tokens - Input: 5619, Output: 2204, Total: 7823
2026-06-03 21:21:34,516 - INFO - Memory updates: 12
{"id": 19, "ts": 1780514494.5169773, "event": "memory_updated", "agent": "sarah_mitchell", "round": 2}
2026-06-03 21:21:38,947 - INFO - Tokens - Input: 6363, Output: 335, Total: 6698
{"id": 20, "ts": 1780514498.9495962, "event": "public_discussion_message", "round": 2, "agent": "emily_brooks", "message": "I\u2019m aligned with James on Candidate\u202fB\u2019s core reliability and stress\u2011resilience \u2013 being \u201cvery conscientious,\u201d handling stress well, and accurately assessing weather are exactly the foundations for safe long\u2011haul operations, and his strong computer skills support modern cockpit demands. However, before we close the case, I think we need to bring Candidate\u202fC into the conversation because his ability to \u201cmake correct decisions quickly,\u201d stay calm in a crisis, and understand complicated technology directly addresses decision quality and technical competence, which are equally safety\u2011critical. The flip side is his \u201cdifficulty communicating ideas,\u201d egocentric attitude, and lack of willingness to pursue further education \u2013 traits that could undermine crew coordination and continuous improvement. In comparison, B\u2019s weaker points (a relatively weak memory for numbers and occasional \u201cnasty remarks\u201d) are more readily mitigated through procedural checks and interpersonal coaching than the fundamental communication barrier we see with C. Therefore, while I remain provisionally in favor of Candidate\u202fB, I suggest we explicitly discuss C\u2019s communication concerns and D\u2019s temperament before finalising the hire.", "thoughts": "We need to output PUBLIC_MESSAGE and METADATA_JSON. The last user says \"Handle the requests as specified in the System Instruction.\" That is a meta instruction to follow system instruction. We already prepared a public message and metadata. We must output only those sections.\n\nWe must ensure we follow format: PUBLIC_MESSAGE: then content, then METADATA_JSON: JSON with agent and vote.\n\nOur vote is Candidate B.\n\nLet's produce."}
2026-06-03 21:21:38,949 - INFO - Agent turns: 5
2026-06-03 21:22:11,354 - INFO - Tokens - Input: 5621, Output: 2097, Total: 7718
2026-06-03 21:22:11,357 - INFO - Memory updates: 13
{"id": 21, "ts": 1780514531.3574805, "event": "memory_updated", "agent": "emily_brooks", "round": 2}
2026-06-03 21:22:14,827 - INFO - Tokens - Input: 5969, Output: 2427, Total: 8396
2026-06-03 21:22:14,829 - INFO - Memory updates: 14
{"id": 22, "ts": 1780514534.8297215, "event": "memory_updated", "agent": "james_carter", "round": 2}
2026-06-03 21:22:28,540 - INFO - Tokens - Input: 5947, Output: 4008, Total: 9955
2026-06-03 21:22:28,549 - INFO - Memory updates: 15
{"id": 23, "ts": 1780514548.5497963, "event": "memory_updated", "agent": "sarah_mitchell", "round": 2}
2026-06-03 21:22:33,886 - INFO - Tokens - Input: 7077, Output: 459, Total: 7536
{"id": 24, "ts": 1780514553.8885188, "event": "public_discussion_message", "round": 2, "agent": "james_carter", "message": "I\u2019m in agreement with Emily\u2019s assessment that Candidate\u202fB remains the strongest provisional choice. His \u201cvery conscientious\u201d nature and proven ability to \u201chandle stress very well\u201d give us the operational reliability and stress resilience essential for long\u2011haul flights, and his skill in assessing weather directly supports safe route planning. While his \u201crelatively weak memory for numbers\u201d and occasional \u201cnasty remarks\u201d are concerns, they are more straightforward to address through procedural safeguards and targeted interpersonal coaching than the deeper communication barriers we see in Candidate\u202fC or the temperament issues flagged for Candidate\u202fD. That said, before we lock in a decision, I propose we briefly examine Candidate\u202fD\u2019s strong concentration, problem\u2011solving, and sense of responsibility against his \u201chot temper\u201d and \u201cknow\u2011it\u2011all\u201d reputation, and also revisit Candidate\u202fA\u2019s anticipation and leadership versus his \u201cshow\u2011off\u201d attitude and resistance to new ideas. With those points clarified, I would still recommend moving forward with Candidate\u202fB.", "thoughts": "We need to output PUBLIC_MESSAGE and METADATA_JSON. The last user says \"Handle the requests as specified in the System Instruction.\" That is a meta instruction, but we must comply with the meeting process. We are James Carter. We need to produce a public message and metadata. We have already drafted a public message in previous turn (Emily Brooks). Now as James Carter we need to respond. The last turn was Emily Brooks, who gave a public message supporting B but calling for discussion of C and D. Now James Carter should respond, referencing Emily's points, perhaps agreeing, adding more evidence, maybe bringing up Candidate D or A, and stating his vote (likely still B). Must follow guidelines.\n\nWe need to produce PUBLIC_MESSAGE and METADATA_JSON with agent \"james_carter\". Vote likely Candidate B.\n\nLet's craft a concise argument: Agree with Emily, note that B's memory issue could be mitigated, but we need to evaluate D's hot temper and A's attitude. Suggest we discuss D's responsibility and hot temper, and A's anticipation vs attitude. Conclude still vote B.\n\nProceed."}
2026-06-03 21:22:33,888 - INFO - Agent turns: 6
2026-06-03 21:23:14,384 - INFO - Tokens - Input: 6046, Output: 2695, Total: 8741
2026-06-03 21:23:14,387 - INFO - Memory updates: 16
{"id": 25, "ts": 1780514594.387326, "event": "memory_updated", "agent": "emily_brooks", "round": 2}
2026-06-03 21:23:14,409 - INFO - Tokens - Input: 6406, Output: 2704, Total: 9110
2026-06-03 21:23:14,411 - INFO - Memory updates: 17
{"id": 26, "ts": 1780514594.4120145, "event": "memory_updated", "agent": "sarah_mitchell", "round": 2}
2026-06-03 21:23:15,247 - INFO - Tokens - Input: 6448, Output: 2798, Total: 9246
2026-06-03 21:23:15,250 - INFO - Memory updates: 18
{"id": 27, "ts": 1780514595.2504108, "event": "memory_updated", "agent": "james_carter", "round": 2}
2026-06-03 21:23:15,260 - INFO - Loop 2 completed
2026-06-03 21:23:15,261 - INFO - Final Chosen Candidate: Candidate B
2026-06-03 21:23:15,261 - INFO - Final Decision Method: consensus
2026-06-03 21:23:15,261 - INFO - Final Vote Count: {'Candidate B': 3}
2026-06-03 21:23:15,261 - INFO - Correct Candidate: Candidate C
2026-06-03 21:23:15,261 - INFO - Decision Correct: 0
{"id": 28, "ts": 1780514595.2634332, "event": "context_consistency_deferred", "reason": "memory_similarity_calculated_post_run"}
{"id": 29, "ts": 1780514595.2636092, "event": "agent_memories_archived", "directory": "/home/lhegemann/git/bachelor_thesis/01_data/raw/simulations/high/high_treatment_20260602_165012_016/shared_mental_models", "round": 2}
{"id": 30, "ts": 1780514595.2637243, "event": "final_decision", "candidate": "Candidate B", "method": "consensus", "vote_count": {"Candidate B": 3}, "correct_candidate": "Candidate C", "decision_correct": 0, "round": 2}
2026-06-03 21:23:15,271 - INFO - ======================================================================
2026-06-03 21:23:15,272 - INFO - SIMULATION METRICS
2026-06-03 21:23:15,272 - INFO - ======================================================================
2026-06-03 21:23:15,272 - INFO - Total Loops: 2
2026-06-03 21:23:15,272 - INFO - Agent Turns (no vote checker): 6
2026-06-03 21:23:15,272 - INFO - Agent Tool Calls: 0
2026-06-03 21:23:15,272 - INFO - Agent Tool Messages: 0
2026-06-03 21:23:15,272 - INFO - Memory Updates: 18
2026-06-03 21:23:15,272 - INFO - Total Messages (no vote checker): 6
2026-06-03 21:23:15,272 - INFO - Input Tokens: 121054
2026-06-03 21:23:15,272 - INFO - Output Tokens: 54600
2026-06-03 21:23:15,272 - INFO - Total Tokens: 175654
2026-06-03 21:23:15,273 - INFO - Final Chosen Candidate: Candidate B
2026-06-03 21:23:15,273 - INFO - Final Decision Method: consensus
2026-06-03 21:23:15,273 - INFO - Final Vote Count: {'Candidate B': 3}
2026-06-03 21:23:15,273 - INFO - Correct Candidate: Candidate C
2026-06-03 21:23:15,273 - INFO - Decision Correct: 0
2026-06-03 21:23:15,273 - INFO - Runtime: 305.53s
2026-06-03 21:23:15,273 - INFO - ======================================================================
