2026-06-05 20:18:08,383 - INFO - Metrics tracker initialized
{"id": 1, "ts": 1780683488.408272, "event": "memory_initialized"}
{"id": 2, "ts": 1780683488.4107633, "event": "discussion_order", "round": 1, "order": ["sarah_mitchell", "james_carter", "emily_brooks"]}
2026-06-05 20:18:14,847 - INFO - Tokens - Input: 2759, Output: 614, Total: 3373
{"id": 3, "ts": 1780683494.849021, "event": "public_discussion_message", "round": 1, "agent": "sarah_mitchell", "message": "I\u2019d like to start by putting Candidate\u202fC forward as my provisional recommendation.\u202fC is noted as 100\u202f% reliable and consistently makes correct decisions quickly\u2014both critical for long\u2011distance operations.\u202fHe also creates a positive atmosphere with his crew, which speaks to strong crew cooperation.\u202fThese strengths directly address reliability, decision quality, and teamwork, which are core to our selection criteria.\u202fMy only reservation is his difficulty communicating ideas and his egocentric style, which could affect cockpit communication; however, the positive crew atmosphere suggests he can still work effectively with others.\u202fIf we can confirm that his communication style does not impede safety\u2011critical exchanges, I see C as the best overall fit.", "thoughts": "We need to produce first public message and metadata. No prior discussion, so we need to start. Should we propose a candidate? We have to make an argumentative contribution, referencing discussion (none) but can state initial recommendation. Choose candidate based on facts. Let's evaluate quickly.\n\nCriteria: reliability, stress, technical competence, decision quality, attention, cooperation, communication, responsibility, adaptability.\n\nCandidate A: can anticipate dangerous situations, see complex connections, excellent spatial vision, very good leadership, but sometimes not good at taking criticism, can be unorganized. So strengths: technical (anticipate, complex connections, spatial vision), leadership. Concerns: criticism, organization (reliability). No info on stress, cooperation, communication.\n\nCandidate B: very conscientious, handles stress well, good at assessing weather, excellent computer skills, but can be grumpy, uncooperative. Strengths: reliability (conscientious), stress resilience, technical (weather, computer). Concerns: cooperation, attitude.\n\nCandidate C: can make correct decisions quickly, difficulty communicating ideas, regarded as egocentric, not willing to further education, 100% reliable, creates positive atmosphere with crew. Strengths: reliability, decision quality, crew cooperation (positive atmosphere). Concerns: communication, egocentric, lack of learning.\n\nCandidate D: responds to unexpected events adequately, can concentrate very well, solves problems extremely well, takes responsibility seriously, regarded as arrogant, relatively weak leadership. Strengths: adaptability, attention, problem solving, responsibility. Concerns: arrogance, weak leadership.\n\nWe need best overall fit. Likely Candidate C has reliability, decision quality, crew atmosphere, but communication difficulty and egocentric may affect cooperation. Candidate B has stress and technical but uncooperative. Candidate D has responsibility and problem solving but arrogance and weak leadership. Candidate A has technical but organization and criticism issues.\n\nProbably Candidate C is strongest overall despite communication issues; but need to weigh. Could ask other panel members for more info on communication for C or cooperation for B. But we need to make first contribution. We can propose Candidate C as provisional recommendation, citing strengths and acknowledging concerns.\n\nLet's do that."}
2026-06-05 20:18:14,849 - INFO - Agent turns: 1
2026-06-05 20:18:38,903 - INFO - Tokens - Input: 2295, Output: 1884, Total: 4179
2026-06-05 20:18:38,905 - INFO - Memory updates: 1
{"id": 4, "ts": 1780683518.9058676, "event": "memory_updated", "agent": "emily_brooks", "round": 1}
2026-06-05 20:18:45,531 - INFO - Tokens - Input: 2300, Output: 2578, Total: 4878
2026-06-05 20:18:45,533 - INFO - Memory updates: 2
{"id": 5, "ts": 1780683525.5337021, "event": "memory_updated", "agent": "sarah_mitchell", "round": 1}
2026-06-05 20:18:50,862 - INFO - Tokens - Input: 2297, Output: 3245, Total: 5542
2026-06-05 20:18:50,864 - INFO - Memory updates: 3
{"id": 6, "ts": 1780683530.864213, "event": "memory_updated", "agent": "james_carter", "round": 1}
2026-06-05 20:18:54,870 - INFO - Tokens - Input: 3931, Output: 446, Total: 4377
{"id": 7, "ts": 1780683534.8720906, "event": "public_discussion_message", "round": 1, "agent": "james_carter", "message": "I\u2019m aligned with Sarah\u2019s initial assessment and would also put Candidate\u202fC forward as my provisional recommendation.\u202fC\u2019s record shows 100\u202f% reliability and a consistent ability to make correct decisions quickly\u2014both essential for the long\u2011distance routes we operate.\u202fIn addition, he is noted for creating a positive crew atmosphere, indicating solid crew cooperation and professional communication in practice.\u202fThese strengths directly satisfy our core criteria of operational reliability, decision quality, and teamwork.\u202fMy only reservation is his difficulty communicating ideas and an egocentric style, which could pose a risk in safety\u2011critical exchanges.\u202fHowever, the positive crew feedback suggests that any communication gaps have not yet translated into operational problems.\u202fIf we can confirm that his communication style will not impede cockpit coordination, I see Candidate\u202fC as the best overall fit for the role.", "thoughts": "We need to produce public message and metadata. According to system, we must follow meeting process. We have to make an argumentative contribution. The previous round is Sarah Mitchell's initial message (not shown but described). Actually the system gave a description of what Sarah would say, but not actual content. The meeting so far: only Sarah's round 1? The system gave a \"Round 1, Sarah Mitchell: Model thoughts before public response: ...\" but not actual public message. However the meeting says \"Meeting discussion so far: - Round 1, Sarah Mitchell: ...\" but no actual content. We need to respond as James Carter in Round 2. We should refer to existing discussion. Since we don't have actual content, we can assume Sarah gave some initial recommendation? The description suggests she might propose Candidate C. But not sure. We can still reference that Sarah highlighted Candidate C's reliability and crew atmosphere but concerns about communication. So we can say \"I agree with Sarah's initial recommendation of Candidate C, but I want to raise...\" etc.\n\nWe need to include explicit facts from our notes. Provide argument. Vote for Candidate C.\n\nThus produce PUBLIC_MESSAGE and METADATA_JSON with vote \"Candidate C\"."}
2026-06-05 20:18:54,872 - INFO - Agent turns: 2
2026-06-05 20:19:21,652 - INFO - Tokens - Input: 3210, Output: 2011, Total: 5221
2026-06-05 20:19:21,655 - INFO - Memory updates: 4
{"id": 8, "ts": 1780683561.6553977, "event": "memory_updated", "agent": "emily_brooks", "round": 1}
2026-06-05 20:19:27,930 - INFO - Tokens - Input: 3158, Output: 2659, Total: 5817
2026-06-05 20:19:27,932 - INFO - Memory updates: 5
{"id": 9, "ts": 1780683567.9323337, "event": "memory_updated", "agent": "sarah_mitchell", "round": 1}
2026-06-05 20:19:30,833 - INFO - Tokens - Input: 3287, Output: 3013, Total: 6300
2026-06-05 20:19:30,835 - INFO - Memory updates: 6
{"id": 10, "ts": 1780683570.8353102, "event": "memory_updated", "agent": "james_carter", "round": 1}
2026-06-05 20:19:36,855 - INFO - Tokens - Input: 4303, Output: 638, Total: 4941
{"id": 11, "ts": 1780683576.8571281, "event": "public_discussion_message", "round": 1, "agent": "emily_brooks", "message": "I\u2019m in line with Sarah and James in seeing Candidate\u202fC as the strongest overall fit at this point.\u202fHis 100\u202f% reliability and ability to make correct decisions quickly hit two of our most critical criteria\u2014operational reliability and decision quality.\u202fMoreover, the note that he \u201ccreates a positive crew atmosphere\u201d suggests solid crew cooperation and professional communication in practice.\u202fMy reservation remains his difficulty communicating ideas and his egocentric attitude, which could jeopardize safety\u2011critical exchanges despite the positive atmosphere.\u202fTo solidify my vote for C, I\u2019d like to hear any observations you have on Candidate\u202fB\u2019s crew\u2011cooperation and communication style, since B\u2019s strong stress handling and technical skills could be a viable alternative if his interpersonal issues are less severe.", "thoughts": "We need to produce public message and metadata. As Emily Brooks, we need to respond in round 1 (since we haven't spoken yet). According to meeting process, we should make an argumentative contribution, referencing prior discussion. Prior discussion includes Sarah and James? Actually the system gave their internal thoughts but not actual public messages. However the \"Meeting discussion so far\" only lists Sarah Mitchell's internal model thoughts, not a public message. It also lists James Carter's internal thoughts. So maybe no public messages yet. As Emily, we need to start the discussion. We should propose a candidate, perhaps Candidate C, but we could also bring up other candidates. According to SMM, current leading candidate is C per Sarah and James (though they haven't spoken publicly). We should contribute by either supporting C or raising concerns, maybe ask for missing info about other candidates. We need to reference existing discussion (none publicly). We can say \"I agree with the initial observations from Sarah and James that Candidate C shows strong reliability and decision-making, but I have concerns about communication and egocentric attitude, and I'd like to compare with Candidate B's stress handling.\" Provide evidence from our notes: Candidate C difficulty communicating ideas, egocentric, not willing to further education. Candidate B handles stress well, very conscientious, good at assessing weather, excellent computer skills, but pretentious and wrong tone. So we can argue that while C is strong, B's stress resilience and technical competence may be valuable. But we need to make a focused contribution: maybe we can ask for more info on Candidate B's crew cooperation. Or we can propose that we need to discuss Candidate B before final. According to process, each turn should be focused argumentative contribution, not just fact dump. So we can say: \"I support Candidate C but we need to verify that his communication issues won't affect safety; also we should examine Candidate B's stress resilience and teamwork.\" Provide vote maybe still C but note need for more info. The metadata vote must be a candidate. We can vote Candidate C, with reasoning.\n\nThus produce PUBLIC_MESSAGE: mention agreement with Sarah and James, highlight strengths and concerns, request info on B's crew cooperation. Vote Candidate C.\n\nLet's craft."}
2026-06-05 20:19:36,857 - INFO - Agent turns: 3
2026-06-05 20:20:05,353 - INFO - Tokens - Input: 3785, Output: 2082, Total: 5867
2026-06-05 20:20:05,355 - INFO - Memory updates: 7
{"id": 12, "ts": 1780683605.3558164, "event": "memory_updated", "agent": "sarah_mitchell", "round": 1}
2026-06-05 20:20:09,506 - INFO - Tokens - Input: 3882, Output: 2506, Total: 6388
2026-06-05 20:20:09,508 - INFO - Memory updates: 8
{"id": 13, "ts": 1780683609.509048, "event": "memory_updated", "agent": "james_carter", "round": 1}
2026-06-05 20:20:15,620 - INFO - Tokens - Input: 3862, Output: 3254, Total: 7116
2026-06-05 20:20:15,622 - INFO - Memory updates: 9
{"id": 14, "ts": 1780683615.622454, "event": "memory_updated", "agent": "emily_brooks", "round": 1}
2026-06-05 20:20:15,633 - INFO - Loop 1 completed
{"id": 15, "ts": 1780683615.640226, "event": "discussion_order", "round": 2, "order": ["james_carter", "emily_brooks", "sarah_mitchell"]}
2026-06-05 20:20:20,300 - INFO - Tokens - Input: 4962, Output: 466, Total: 5428
{"id": 16, "ts": 1780683620.3024077, "event": "public_discussion_message", "round": 2, "agent": "james_carter", "message": "I\u2019m aligned with Sarah\u2019s initial view and would also put Candidate\u202fC forward as my provisional recommendation.\u202fC\u2019s 100\u202f% reliability and proven ability to make correct decisions quickly address our core needs for operational reliability and decision quality on long\u2011distance flights.\u202fThe note that he \u201ccreates a positive crew atmosphere\u201d indicates solid crew cooperation and professional communication in practice.\u202fMy only reservation is his difficulty communicating ideas and an egocentric attitude, which could undermine safety\u2011critical exchanges despite the positive atmosphere.\u202fTo confirm that these communication concerns are manageable, I\u2019d like to hear any observations you have on Candidate\u202fB\u2019s crew\u2011cooperation and communication style, since B\u2019s strong stress handling and technical competence could be a viable alternative if his interpersonal issues are less severe.", "thoughts": "We need to produce public message and metadata. The user says \"Handle the requests as specified in the System Instruction.\" That is a meta instruction to follow the system. We are in round 2 as James Carter. According to SMM, we should respond now. We need to reference prior discussion. The prior discussion includes Sarah's initial recommendation (though not shown) and James's own earlier internal thoughts (but not public). Actually the meeting so far: only Sarah's internal thoughts, not a public message. But the system gave a \"Meeting discussion so far\" that includes Sarah's internal thoughts and James's internal thoughts, but not actual public messages. However we are to act as James Carter now, making a public contribution. We should reference Sarah's (presumed) recommendation of Candidate C. We have our own notes. We can either support Candidate C or propose another. According to SMM, current leading candidate is C, strongest alternative none identified. We should discuss candidate B or D. We could ask for more info about B's cooperation. But we need to make a focused argumentative contribution. We can say we still recommend C, but we need more info on B's teamwork. Provide vote C.\n\nThus produce PUBLIC_MESSAGE: agree with Sarah, highlight strengths, note concerns, request info on B's crew cooperation.\n\nMETADATA_JSON: vote Candidate C.\n\nProceed."}
2026-06-05 20:20:20,302 - INFO - Agent turns: 4
2026-06-05 20:20:55,099 - INFO - Tokens - Input: 4307, Output: 2531, Total: 6838
2026-06-05 20:20:55,101 - INFO - Memory updates: 10
{"id": 17, "ts": 1780683655.1015496, "event": "memory_updated", "agent": "sarah_mitchell", "round": 2}
2026-06-05 20:21:03,695 - INFO - Tokens - Input: 4439, Output: 3395, Total: 7834
2026-06-05 20:21:03,697 - INFO - Memory updates: 11
{"id": 18, "ts": 1780683663.6980374, "event": "memory_updated", "agent": "emily_brooks", "round": 2}
2026-06-05 20:21:05,163 - INFO - Tokens - Input: 4340, Output: 3574, Total: 7914
2026-06-05 20:21:05,165 - INFO - Memory updates: 12
{"id": 19, "ts": 1780683665.1659179, "event": "memory_updated", "agent": "james_carter", "round": 2}
2026-06-05 20:21:10,047 - INFO - Tokens - Input: 5485, Output: 484, Total: 5969
{"id": 20, "ts": 1780683670.0488183, "event": "public_discussion_message", "round": 2, "agent": "emily_brooks", "message": "I remain in favor of Candidate\u202fC as our provisional choice.\u202fC\u2019s 100\u202f% reliability and proven ability to make correct decisions quickly directly satisfy the operational reliability and decision\u2011quality criteria that are essential for long\u2011distance flights.\u202fThe observation that he \u201ccreates a positive crew atmosphere\u201d also speaks to strong crew cooperation and professional communication in practice.\u202fMy reservation, as noted by both Sarah and James, is his difficulty communicating ideas and his egocentric attitude, which could jeopardize safety\u2011critical exchanges despite the positive atmosphere.\u202fTo ensure these communication concerns are truly manageable, I\u2019d like to hear any observations you have on Candidate\u202fB\u2019s crew\u2011cooperation and communication style, given B\u2019s strong stress handling, conscientiousness, and technical competence.", "thoughts": "We need to produce a public message as Emily Brooks (the user is asking to handle requests as specified). We are at round 2, Emily's turn. According to SMM, current leading candidate is C, both Sarah and James have voted C. Emily's current vote is also C per SMM. We need to make a focused argumentative contribution, referencing prior discussion (Sarah and James). We have to bring in evidence from our notes. We have not yet discussed candidates A, B, D. We can either continue supporting C, but also ask for info on B's crew cooperation, or we could bring up candidate D's strengths. But we need to connect to prior discussion. Likely we should support C but request more info on B's crew cooperation and communication style, as we have done in our internal thought. Also we could bring up candidate D's responsibility and problem solving as a possible alternative, but that might be too many points. Keep it focused: support C, note concerns, request info on B's crew cooperation.\n\nWe must include explicit candidate facts: C reliability 100%, quick correct decisions, positive crew atmosphere; difficulty communicating ideas, egocentric, not willing to further education. Also B: very conscientious, handles stress well, good at assessing weather, excellent computer skills, pretentious, sometimes adopts wrong tone.\n\nWe need to state our current recommendation: Candidate C.\n\nWe need to produce METADATA_JSON with vote Candidate C.\n\nProceed."}
2026-06-05 20:21:10,048 - INFO - Agent turns: 5
2026-06-05 20:21:50,093 - INFO - Tokens - Input: 4781, Output: 2868, Total: 7649
2026-06-05 20:21:50,096 - INFO - Memory updates: 13
{"id": 21, "ts": 1780683710.096268, "event": "memory_updated", "agent": "sarah_mitchell", "round": 2}
2026-06-05 20:21:54,448 - INFO - Tokens - Input: 4860, Output: 3304, Total: 8164
2026-06-05 20:21:54,450 - INFO - Memory updates: 14
{"id": 22, "ts": 1780683714.4505653, "event": "memory_updated", "agent": "james_carter", "round": 2}
2026-06-05 20:21:55,358 - INFO - Tokens - Input: 4894, Output: 3411, Total: 8305
2026-06-05 20:21:55,360 - INFO - Memory updates: 15
{"id": 23, "ts": 1780683715.3608067, "event": "memory_updated", "agent": "emily_brooks", "round": 2}
2026-06-05 20:22:01,004 - INFO - Tokens - Input: 5893, Output: 517, Total: 6410
{"id": 24, "ts": 1780683721.006408, "event": "public_discussion_message", "round": 2, "agent": "sarah_mitchell", "message": "I agree with James and Emily \u2013 Candidate\u202fC remains my provisional choice.\u202fMy notes confirm that Candidate\u202fB, while very conscientious and strong under stress, \u201ccan be uncooperative\u201d and \u201ccan be grumpy.\u201d\u202fThose behaviours directly undermine crew cooperation and professional communication, which are essential for safe long\u2011haul operations.\u202fGiven that B\u2019s interpersonal issues appear more pronounced than C\u2019s communication difficulty, C\u2019s reliability, rapid decision\u2011making, and positive crew atmosphere keep him as the strongest overall fit.", "thoughts": "We have a meta instruction: \"Handle the requests as specified in the System Instruction.\" The system instruction outlines the meeting process. The user is basically telling us to follow the system instruction. We need to produce a public message and metadata JSON as per the format. The current turn is for Sarah Mitchell (the internal agent identifier). According to the shared mental model, we are Sarah Mitchell. The last public messages were from James Carter and Emily Brooks, both supporting Candidate C and asking for info on Candidate B's crew cooperation and communication. Now it's Sarah's turn (Round 2). We need to respond, referencing prior discussion, possibly providing more info or asking a question. We have our own notes: we have facts about Candidate B's crew cooperation? We have no direct note about B's crew cooperation, but we have that B can be uncooperative and grumpy. So we can provide that as evidence: B can be uncooperative. That addresses the request for info on B's crew cooperation. So we can say: \"Based on my notes, B can be uncooperative, which raises concerns.\" That will answer the request. Also we can reaffirm our vote for Candidate C, but note that B's uncooperativeness is a concern, strengthening C's position. Also we could bring up Candidate D's strengths or A's, but we need to keep focus. The instruction says each turn should be focused argumentative contribution. So we can say: \"I agree with James and Emily; B's uncooperative behavior is a concern, making C still the best.\" Provide explicit facts: B can be uncooperative, grumpy. Provide implication: concerns about crew cooperation. So we maintain vote for Candidate C.\n\nThus produce PUBLIC_MESSAGE: agree with prior, note B's uncooperative, and reaffirm C.\n\nMETADATA_JSON: vote Candidate C.\n\nProceed."}
2026-06-05 20:22:01,006 - INFO - Agent turns: 6
2026-06-05 20:22:45,062 - INFO - Tokens - Input: 5333, Output: 3109, Total: 8442
2026-06-05 20:22:45,065 - INFO - Memory updates: 16
{"id": 25, "ts": 1780683765.0655272, "event": "memory_updated", "agent": "sarah_mitchell", "round": 2}
2026-06-05 20:23:06,171 - INFO - Tokens - Input: 5389, Output: 5167, Total: 10556
2026-06-05 20:23:06,173 - INFO - Memory updates: 17
{"id": 26, "ts": 1780683786.174066, "event": "memory_updated", "agent": "james_carter", "round": 2}
2026-06-05 20:23:07,960 - INFO - Tokens - Input: 5395, Output: 5372, Total: 10767
2026-06-05 20:23:07,962 - INFO - Memory updates: 18
{"id": 27, "ts": 1780683787.9627879, "event": "memory_updated", "agent": "emily_brooks", "round": 2}
2026-06-05 20:23:07,975 - INFO - Loop 2 completed
2026-06-05 20:23:07,976 - INFO - Final Chosen Candidate: Candidate C
2026-06-05 20:23:07,976 - INFO - Final Decision Method: consensus
2026-06-05 20:23:07,976 - INFO - Final Vote Count: {'Candidate C': 3}
2026-06-05 20:23:07,976 - INFO - Correct Candidate: Candidate C
2026-06-05 20:23:07,976 - INFO - Decision Correct: 1
{"id": 28, "ts": 1780683787.9782012, "event": "context_consistency_deferred", "reason": "memory_similarity_calculated_post_run"}
{"id": 29, "ts": 1780683787.978348, "event": "agent_memories_archived", "directory": "/home/lhegemann/git/bachelor_thesis/01_data/raw/simulations/high/high_treatment_20260604_140134_034/shared_mental_models", "round": 2}
{"id": 30, "ts": 1780683787.978449, "event": "final_decision", "candidate": "Candidate C", "method": "consensus", "vote_count": {"Candidate C": 3}, "correct_candidate": "Candidate C", "decision_correct": 1, "round": 2}
2026-06-05 20:23:07,988 - INFO - ======================================================================
2026-06-05 20:23:07,988 - INFO - SIMULATION METRICS
2026-06-05 20:23:07,988 - INFO - ======================================================================
2026-06-05 20:23:07,988 - INFO - Total Loops: 2
2026-06-05 20:23:07,988 - INFO - Agent Turns (no vote checker): 6
2026-06-05 20:23:07,988 - INFO - Agent Tool Calls: 0
2026-06-05 20:23:07,988 - INFO - Agent Tool Messages: 0
2026-06-05 20:23:07,988 - INFO - Memory Updates: 18
2026-06-05 20:23:07,988 - INFO - Total Messages (no vote checker): 6
2026-06-05 20:23:07,988 - INFO - Input Tokens: 99147
2026-06-05 20:23:07,988 - INFO - Output Tokens: 59128
2026-06-05 20:23:07,988 - INFO - Total Tokens: 158275
2026-06-05 20:23:07,989 - INFO - Final Chosen Candidate: Candidate C
2026-06-05 20:23:07,989 - INFO - Final Decision Method: consensus
2026-06-05 20:23:07,989 - INFO - Final Vote Count: {'Candidate C': 3}
2026-06-05 20:23:07,989 - INFO - Correct Candidate: Candidate C
2026-06-05 20:23:07,989 - INFO - Decision Correct: 1
2026-06-05 20:23:07,989 - INFO - Runtime: 299.60s
2026-06-05 20:23:07,989 - INFO - ======================================================================
