2026-07-18 17:32:15,182 - INFO - Metrics tracker initialized
{"id": 1, "ts": 1784388735.2077246, "event": "memory_initialized"}
{"id": 2, "ts": 1784388735.2127197, "event": "discussion_order", "round": 1, "order": ["agent_2", "agent_3", "agent_1"]}
2026-07-18 17:32:22,022 - INFO - Tokens - Input: 2149, Output: 759, Total: 2908
{"id": 3, "ts": 1784388742.0239372, "event": "public_discussion_message", "round": 1, "agent": "agent_2", "message": "Based on the evidence we have so far, I would recommend Candidate\u202fC for the long\u2011distance pilot role. He demonstrates the strongest combination of safety\u2011critical abilities: he can anticipate dangerous situations, sees complex connections, and has excellent spatial vision, all of which support high\u2011quality decision\u2011making and technical competence on international routes. Moreover, his very good leadership qualities suggest he can foster effective crew cooperation. While he is regarded as a show\u2011off and not very open to new ideas, these attitude concerns are less detrimental than the communication deficits of Candidate\u202fA, the nasty remarks of Candidate\u202fB, or the hot temper of Candidate\u202fD, and can be addressed through targeted training and mentorship. Therefore, Candidate\u202fC appears to be the best overall fit for the position."}
2026-07-18 17:32:22,024 - INFO - Agent turns: 1
2026-07-18 17:32:27,406 - INFO - Tokens - Input: 2301, Output: 785, Total: 3086
{"id": 4, "ts": 1784388747.4078717, "event": "public_discussion_message", "round": 1, "agent": "agent_3", "message": "I appreciate Markus\u2019s thorough overview of Candidate\u202fC\u2019s technical strengths, but I\u2019m less convinced that C is the best overall fit given the crew\u2011cooperation concerns.\u202fC\u2019s ability to anticipate danger, see complex connections, and his spatial vision are indeed valuable, yet the note that he is \u201cunfriendly\u201d directly undermines the cooperation and professional communication criteria that are essential for long\u2011haul cockpit dynamics. A pilot who struggles to build rapport can compromise safety\u2011critical coordination, especially on international routes where crew cohesion is paramount.\nIn contrast, Candidate\u202fB combines strong reliability and stress resilience\u2014he is \u201cvery conscientious,\u201d \u201chandles stress very well,\u201d and \u201cgood at assessing weather conditions,\u201d all of which are critical for long\u2011distance operations. While B is described as \u201cpretentious\u201d and sometimes adopts the wrong tone, these communication style issues appear less severe than outright unfriendly behavior, and can be mitigated through targeted training and mentorship. Moreover, B\u2019s \u201cexcellent computer skills\u201d support the technical demands of modern flight decks.\nGiven the balance of safety\u2011critical competencies and the relative manageability of B\u2019s interpersonal gaps, I would recommend Candidate\u202fB for the long\u2011distance pilot position."}
2026-07-18 17:32:27,408 - INFO - Agent turns: 2
2026-07-18 17:32:33,897 - INFO - Tokens - Input: 2558, Output: 941, Total: 3499
{"id": 5, "ts": 1784388753.8993304, "event": "public_discussion_message", "round": 1, "agent": "agent_1", "message": "I\u2019m leaning toward Candidate\u202fA as the best overall fit. While Markus highlighted C\u2019s technical brilliance and Sofia praised B\u2019s stress resilience, both of those candidates have notable crew\u2011cooperation concerns: C is \u201csometimes not good at taking criticism\u201d and can be unorganized, and B is described as \u201cgrumpy\u201d and \u201cuncooperative.\u201d D, on the other hand, is seen as arrogant with weak leadership. Candidate\u202fA, however, is \u201cknown to be\u202f100\u202f% reliable\u201d and \u201ccreates a positive atmosphere with his crew,\u201d which directly addresses our cooperation and reliability criteria. His ability to \u201cmake correct decisions quickly\u201d also supports decision quality under pressure. The only downsides are his \u201cdifficulty communicating ideas,\u201d egocentric attitude, and lack of willingness to further his education, but these are less likely to jeopardize immediate safety than the interpersonal deficits of the other candidates and can be mitigated through targeted communication training. Therefore, I recommend we select Candidate\u202fA."}
2026-07-18 17:32:33,899 - INFO - Agent turns: 3
2026-07-18 17:32:33,908 - INFO - Loop 1 completed
{"id": 6, "ts": 1784388753.9146903, "event": "discussion_order", "round": 2, "order": ["agent_3", "agent_2", "agent_1"]}
2026-07-18 17:32:41,373 - INFO - Tokens - Input: 2762, Output: 1077, Total: 3839
{"id": 7, "ts": 1784388761.3749645, "event": "public_discussion_message", "round": 2, "agent": "agent_3", "message": "I appreciate the points raised for Candidates\u202fC and\u202fB, but I remain convinced that Candidate\u202fA offers the most balanced safety\u2011critical profile for long\u2011haul operations.\u202fA\u2019s ability to make correct decisions quickly directly supports decision quality under pressure, and his excellent attention skills ensure accurate handling of operational details. Moreover, \u201cA puts concern for others above everything,\u201d which addresses our crew\u2011cooperation and responsibility criteria far better than the \u201cunfriendly\u201d demeanor noted for C or the \u201cpretentious\u201d and tone\u2011issues of B. While A does have difficulty communicating ideas and an egocentric streak, these are less likely to jeopardize safety than the outright interpersonal deficits of the other candidates and can be mitigated with targeted communication training. Therefore, I would recommend we select Candidate\u202fA."}
2026-07-18 17:32:41,375 - INFO - Agent turns: 4
2026-07-18 17:32:52,602 - INFO - Tokens - Input: 2940, Output: 1619, Total: 4559
{"id": 8, "ts": 1784388772.6043828, "event": "public_discussion_message", "round": 2, "agent": "agent_2", "message": "I agree with Sofia and Anna that Candidate\u202fA is currently the strongest overall fit. While A does have communication challenges \u2013 difficulty articulating ideas and an egocentric streak \u2013 these issues are less likely to jeopardize safety than the more serious crew\u2011cooperation deficits we see in the other candidates (B\u2019s nasty remarks, C\u2019s \u201cshow\u2011off\u201d attitude and resistance to new ideas, D\u2019s hot temper). Moreover, A demonstrates key safety\u2011critical strengths: he keeps calm in a crisis, makes correct decisions quickly, and understands complicated technology, directly supporting stress resilience, decision quality, and technical competence. Given that the remaining candidates each have a critical weakness that outweighs their strengths, A offers the most balanced profile for long\u2011distance operations."}
2026-07-18 17:32:52,604 - INFO - Agent turns: 5
2026-07-18 17:32:59,674 - INFO - Tokens - Input: 3098, Output: 1008, Total: 4106
{"id": 9, "ts": 1784388779.6764083, "event": "public_discussion_message", "round": 2, "agent": "agent_1", "message": "I agree with Sofia and Markus that Candidate\u202fA remains the strongest overall fit.\u202fA is\u202fknown to be\u202f100\u202f% reliable\u202fand\u202fcreates a positive atmosphere with his crew, which directly satisfies our reliability and crew\u2011cooperation criteria.\u202fHis ability to\u202fmake correct decisions quickly\u202fsupports decision quality and stress resilience on long\u2011haul flights.\u202fWhile A does have\u202fdifficulty communicating ideas\u202fand an\u202fegocentric\u202fattitude, these are less safety\u2011critical than the\u202funcooperative\u202fbehaviour noted for Candidate\u202fB and the\u202fpoor criticism\u2011taking\u202fand\u202funorganized\u202ftraits of Candidate\u202fC.\u202fGiven that A\u2019s strengths address the core safety\u2011critical criteria and his interpersonal gaps can be mitigated through targeted communication training, I maintain my recommendation for Candidate\u202fA."}
2026-07-18 17:32:59,676 - INFO - Agent turns: 6
2026-07-18 17:32:59,685 - INFO - Loop 2 completed
2026-07-18 17:32:59,686 - INFO - Final Chosen Candidate: Candidate A
2026-07-18 17:32:59,686 - INFO - Final Decision Method: consensus
2026-07-18 17:32:59,686 - INFO - Final Vote Count: {'Candidate A': 3}
2026-07-18 17:32:59,686 - INFO - Correct Candidate: Candidate A
2026-07-18 17:32:59,686 - INFO - Decision Correct: 1
{"id": 10, "ts": 1784388779.688017, "event": "context_consistency_not_applicable", "reason": "explicit_smm_memory_disabled"}
{"id": 11, "ts": 1784388779.6881511, "event": "final_decision", "candidate": "Candidate A", "method": "consensus", "vote_count": {"Candidate A": 3}, "correct_candidate": "Candidate A", "decision_correct": 1, "round": 2}
2026-07-18 17:32:59,695 - INFO - ======================================================================
2026-07-18 17:32:59,695 - INFO - SIMULATION METRICS
2026-07-18 17:32:59,695 - INFO - ======================================================================
2026-07-18 17:32:59,696 - INFO - Total Loops: 2
2026-07-18 17:32:59,696 - INFO - Agent Turns (no vote checker): 6
2026-07-18 17:32:59,696 - INFO - Agent Tool Calls: 0
2026-07-18 17:32:59,696 - INFO - Agent Tool Messages: 0
2026-07-18 17:32:59,696 - INFO - Memory Updates: 0
2026-07-18 17:32:59,696 - INFO - Total Messages (no vote checker): 6
2026-07-18 17:32:59,696 - INFO - Input Tokens: 15808
2026-07-18 17:32:59,696 - INFO - Output Tokens: 6189
2026-07-18 17:32:59,696 - INFO - Total Tokens: 21997
2026-07-18 17:32:59,696 - INFO - Final Chosen Candidate: Candidate A
2026-07-18 17:32:59,696 - INFO - Final Decision Method: consensus
2026-07-18 17:32:59,696 - INFO - Final Vote Count: {'Candidate A': 3}
2026-07-18 17:32:59,696 - INFO - Correct Candidate: Candidate A
2026-07-18 17:32:59,697 - INFO - Decision Correct: 1
2026-07-18 17:32:59,697 - INFO - Runtime: 44.51s
2026-07-18 17:32:59,697 - INFO - ======================================================================
