2026-05-22 02:53:25,387 - INFO - Metrics tracker initialized
{"id": 1, "ts": 1779411205.4149294, "event": "memory_reset"}
{"id": 2, "ts": 1779411205.4192207, "event": "discussion_order", "round": 1, "order": ["agent_3", "agent_1", "agent_2"]}
2026-05-22 02:53:31,830 - INFO - Tokens - Input: 1384, Output: 654, Total: 2038
{"id": 3, "ts": 1779411211.8311574, "event": "public_discussion_message", "round": 1, "agent": "agent_3", "message": "Candidate B \u2013 handles stress very well.\nMETADATA_JSON:\n{\"agent\": \"agent_3\", \"vote\": \"Candidate B\"}"}
2026-05-22 02:53:31,831 - INFO - Agent turns: 1
2026-05-22 02:53:34,988 - INFO - Tokens - Input: 1442, Output: 410, Total: 1852
{"id": 4, "ts": 1779411214.9900177, "event": "public_discussion_message", "round": 1, "agent": "agent_1", "message": "Candidate A \u2013 excellent spatial vision.\nMETADATA_JSON:\n{\"agent\": \"agent_1\", \"vote\": \"Candidate A\"}"}
2026-05-22 02:53:34,990 - INFO - Agent turns: 2
2026-05-22 02:53:39,327 - INFO - Tokens - Input: 1479, Output: 553, Total: 2032
{"id": 5, "ts": 1779411219.3292925, "event": "public_discussion_message", "round": 1, "agent": "agent_2", "message": "Candidate A \u2013 has very good leadership qualities.\nMETADATA_JSON:\n{\"agent\": \"agent_2\", \"vote\": \"Candidate A\"}"}
2026-05-22 02:53:39,329 - INFO - Agent turns: 3
2026-05-22 02:53:39,338 - INFO - Loop 1 completed
{"id": 6, "ts": 1779411219.3448768, "event": "discussion_order", "round": 2, "order": ["agent_3", "agent_1", "agent_2"]}
2026-05-22 02:53:45,793 - INFO - Tokens - Input: 1505, Output: 840, Total: 2345
{"id": 7, "ts": 1779411225.794911, "event": "public_discussion_message", "round": 2, "agent": "agent_3", "message": "Candidate D \u2013 solves problems extremely well.\nMETADATA_JSON:\n{\"agent\": \"agent_3\", \"vote\": \"Candidate D\"}"}
2026-05-22 02:53:45,795 - INFO - Agent turns: 4
2026-05-22 02:53:49,297 - INFO - Tokens - Input: 1550, Output: 452, Total: 2002
{"id": 8, "ts": 1779411229.2988212, "event": "public_discussion_message", "round": 2, "agent": "agent_1", "message": "Candidate A \u2013 very good leadership qualities\nMETADATA_JSON:\n{\"agent\": \"agent_1\", \"vote\": \"Candidate A\"}"}
2026-05-22 02:53:49,299 - INFO - Agent turns: 5
2026-05-22 02:53:54,794 - INFO - Tokens - Input: 1589, Output: 735, Total: 2324
{"id": 9, "ts": 1779411234.7960856, "event": "public_discussion_message", "round": 2, "agent": "agent_2", "message": "Candidate A \u2013 regarded as a show\u2011off.\nMETADATA_JSON:\n{\"agent\": \"agent_2\", \"vote\": \"Candidate A\"}"}
2026-05-22 02:53:54,796 - INFO - Agent turns: 6
2026-05-22 02:53:54,805 - INFO - Loop 2 completed
{"id": 10, "ts": 1779411234.811702, "event": "discussion_order", "round": 3, "order": ["agent_3", "agent_1", "agent_2"]}
2026-05-22 02:54:01,142 - INFO - Tokens - Input: 1615, Output: 803, Total: 2418
{"id": 11, "ts": 1779411241.1435251, "event": "public_discussion_message", "round": 3, "agent": "agent_3", "message": "Candidate B \u2013 handles stress very well.\nMETADATA_JSON:\n{\"agent\": \"agent_3\", \"vote\": \"Candidate B\"}"}
2026-05-22 02:54:01,143 - INFO - Agent turns: 7
2026-05-22 02:54:05,705 - INFO - Tokens - Input: 1660, Output: 565, Total: 2225
{"id": 12, "ts": 1779411245.70701, "event": "public_discussion_message", "round": 3, "agent": "agent_1", "message": "Candidate B \u2013 can be uncooperative.\nMETADATA_JSON:\n{\"agent\": \"agent_1\", \"vote\": \"Candidate B\"}"}
2026-05-22 02:54:05,707 - INFO - Agent turns: 8
2026-05-22 02:54:12,926 - INFO - Tokens - Input: 1701, Output: 937, Total: 2638
{"id": 13, "ts": 1779411252.928032, "event": "public_discussion_message", "round": 3, "agent": "agent_2", "message": "Candidate A \u2013 regarded as a show\u2011off.\nMETADATA_JSON:\n{\"agent\": \"agent_2\", \"vote\": \"Candidate A\"}"}
2026-05-22 02:54:12,928 - INFO - Agent turns: 9
2026-05-22 02:54:12,937 - INFO - Loop 3 completed
{"id": 14, "ts": 1779411252.9436336, "event": "discussion_order", "round": 4, "order": ["agent_1", "agent_3", "agent_2"]}
2026-05-22 02:54:18,765 - INFO - Tokens - Input: 1731, Output: 748, Total: 2479
{"id": 15, "ts": 1779411258.766331, "event": "public_discussion_message", "round": 4, "agent": "agent_1", "message": "Candidate A \u2013 can anticipate dangerous situations.\nMETADATA_JSON:\n{\"agent\": \"agent_1\", \"vote\": \"Candidate A\"}"}
2026-05-22 02:54:18,766 - INFO - Agent turns: 10
2026-05-22 02:54:28,170 - INFO - Tokens - Input: 1766, Output: 1221, Total: 2987
{"id": 16, "ts": 1779411268.1716878, "event": "public_discussion_message", "round": 4, "agent": "agent_3", "message": "Candidate D \u2013 solves problems extremely well.\nMETADATA_JSON:\n{\"agent\": \"agent_3\", \"vote\": \"Candidate D\"}"}
2026-05-22 02:54:28,171 - INFO - Agent turns: 11
2026-05-22 02:54:34,914 - INFO - Tokens - Input: 1810, Output: 867, Total: 2677
{"id": 17, "ts": 1779411274.9160802, "event": "public_discussion_message", "round": 4, "agent": "agent_2", "message": "Candidate A \u2013 has very good leadership qualities.\nMETADATA_JSON:\n{\"agent\": \"agent_2\", \"vote\": \"Candidate A\"}"}
2026-05-22 02:54:34,916 - INFO - Agent turns: 12
2026-05-22 02:54:34,925 - INFO - Loop 4 completed
{"id": 18, "ts": 1779411274.9307084, "event": "discussion_order", "round": 5, "order": ["agent_2", "agent_1", "agent_3"]}
2026-05-22 02:54:40,454 - INFO - Tokens - Input: 1843, Output: 712, Total: 2555
{"id": 19, "ts": 1779411280.4554932, "event": "public_discussion_message", "round": 5, "agent": "agent_2", "message": "Candidate A \u2013 regarded as a show\u2011off.\nMETADATA_JSON:\n{\"agent\": \"agent_2\", \"vote\": \"Candidate A\"}"}
2026-05-22 02:54:40,455 - INFO - Agent turns: 13
2026-05-22 02:54:51,118 - INFO - Tokens - Input: 1884, Output: 1383, Total: 3267
{"id": 20, "ts": 1779411291.1199634, "event": "public_discussion_message", "round": 5, "agent": "agent_1", "message": "Candidate A \u2013 can see complex connections.\nMETADATA_JSON:\n{\"agent\": \"agent_1\", \"vote\": \"Candidate A\"}"}
2026-05-22 02:54:51,120 - INFO - Agent turns: 14
2026-05-22 02:55:01,547 - INFO - Tokens - Input: 1913, Output: 1338, Total: 3251
{"id": 21, "ts": 1779411301.5494492, "event": "public_discussion_message", "round": 5, "agent": "agent_3", "message": "Candidate B \u2013 handles stress very well.\nMETADATA_JSON:\n{\"agent\": \"agent_3\", \"vote\": \"Candidate B\"}"}
2026-05-22 02:55:01,549 - INFO - Agent turns: 15
2026-05-22 02:55:01,559 - INFO - Loop 5 completed
2026-05-22 02:55:01,559 - INFO - Final Chosen Candidate: Candidate A
2026-05-22 02:55:01,559 - INFO - Final Decision Method: max_round_majority_vote
2026-05-22 02:55:01,560 - INFO - Final Vote Count: {'Candidate A': 2, 'Candidate B': 1}
2026-05-22 02:55:01,560 - INFO - Correct Candidate: Candidate C
2026-05-22 02:55:01,560 - INFO - Decision Correct: 0
{"id": 22, "ts": 1779411301.5615292, "event": "context_consistency_not_applicable", "reason": "explicit_smm_memory_disabled"}
{"id": 23, "ts": 1779411301.5616822, "event": "final_decision", "candidate": "Candidate A", "method": "max_round_majority_vote", "vote_count": {"Candidate A": 2, "Candidate B": 1}, "correct_candidate": "Candidate C", "decision_correct": 0, "round": 5}
2026-05-22 02:55:01,570 - INFO - ======================================================================
2026-05-22 02:55:01,570 - INFO - SIMULATION METRICS
2026-05-22 02:55:01,570 - INFO - ======================================================================
2026-05-22 02:55:01,570 - INFO - Total Loops: 5
2026-05-22 02:55:01,570 - INFO - Agent Turns (no vote checker): 15
2026-05-22 02:55:01,571 - INFO - Agent Tool Calls: 0
2026-05-22 02:55:01,571 - INFO - Agent Tool Messages: 0
2026-05-22 02:55:01,571 - INFO - Memory Updates: 0
2026-05-22 02:55:01,571 - INFO - Total Messages (no vote checker): 15
2026-05-22 02:55:01,571 - INFO - Input Tokens: 24872
2026-05-22 02:55:01,571 - INFO - Output Tokens: 12218
2026-05-22 02:55:01,571 - INFO - Total Tokens: 37090
2026-05-22 02:55:01,571 - INFO - Final Chosen Candidate: Candidate A
2026-05-22 02:55:01,571 - INFO - Final Decision Method: max_round_majority_vote
2026-05-22 02:55:01,571 - INFO - Final Vote Count: {'Candidate A': 2, 'Candidate B': 1}
2026-05-22 02:55:01,571 - INFO - Correct Candidate: Candidate C
2026-05-22 02:55:01,571 - INFO - Decision Correct: 0
2026-05-22 02:55:01,572 - INFO - Runtime: 96.18s
2026-05-22 02:55:01,572 - INFO - ======================================================================
